Archive member included to satisfy reference by file (symbol)

d:/ac6/systemworkbench/plugins/fr.ac6.mcu.externaltools.arm-none.win32_1.17.0.201812190825/tools/compiler/bin/../lib/gcc/arm-none-eabi/7.3.1/../../../../arm-none-eabi/lib/thumb/v7e-m/fpv4-sp/hard\libm.a(lib_a-w_atan2.o)
                              Src/main.o (atan2)
d:/ac6/systemworkbench/plugins/fr.ac6.mcu.externaltools.arm-none.win32_1.17.0.201812190825/tools/compiler/bin/../lib/gcc/arm-none-eabi/7.3.1/../../../../arm-none-eabi/lib/thumb/v7e-m/fpv4-sp/hard\libm.a(lib_a-w_sqrt.o)
                              Src/main.o (sqrt)
d:/ac6/systemworkbench/plugins/fr.ac6.mcu.externaltools.arm-none.win32_1.17.0.201812190825/tools/compiler/bin/../lib/gcc/arm-none-eabi/7.3.1/../../../../arm-none-eabi/lib/thumb/v7e-m/fpv4-sp/hard\libm.a(lib_a-e_atan2.o)
                              d:/ac6/systemworkbench/plugins/fr.ac6.mcu.externaltools.arm-none.win32_1.17.0.201812190825/tools/compiler/bin/../lib/gcc/arm-none-eabi/7.3.1/../../../../arm-none-eabi/lib/thumb/v7e-m/fpv4-sp/hard\libm.a(lib_a-w_atan2.o) (__ieee754_atan2)
d:/ac6/systemworkbench/plugins/fr.ac6.mcu.externaltools.arm-none.win32_1.17.0.201812190825/tools/compiler/bin/../lib/gcc/arm-none-eabi/7.3.1/../../../../arm-none-eabi/lib/thumb/v7e-m/fpv4-sp/hard\libm.a(lib_a-e_sqrt.o)
                              d:/ac6/systemworkbench/plugins/fr.ac6.mcu.externaltools.arm-none.win32_1.17.0.201812190825/tools/compiler/bin/../lib/gcc/arm-none-eabi/7.3.1/../../../../arm-none-eabi/lib/thumb/v7e-m/fpv4-sp/hard\libm.a(lib_a-w_sqrt.o) (__ieee754_sqrt)
d:/ac6/systemworkbench/plugins/fr.ac6.mcu.externaltools.arm-none.win32_1.17.0.201812190825/tools/compiler/bin/../lib/gcc/arm-none-eabi/7.3.1/../../../../arm-none-eabi/lib/thumb/v7e-m/fpv4-sp/hard\libm.a(lib_a-s_atan.o)
                              d:/ac6/systemworkbench/plugins/fr.ac6.mcu.externaltools.arm-none.win32_1.17.0.201812190825/tools/compiler/bin/../lib/gcc/arm-none-eabi/7.3.1/../../../../arm-none-eabi/lib/thumb/v7e-m/fpv4-sp/hard\libm.a(lib_a-e_atan2.o) (atan)
d:/ac6/systemworkbench/plugins/fr.ac6.mcu.externaltools.arm-none.win32_1.17.0.201812190825/tools/compiler/bin/../lib/gcc/arm-none-eabi/7.3.1/../../../../arm-none-eabi/lib/thumb/v7e-m/fpv4-sp/hard\libm.a(lib_a-s_fabs.o)
                              d:/ac6/systemworkbench/plugins/fr.ac6.mcu.externaltools.arm-none.win32_1.17.0.201812190825/tools/compiler/bin/../lib/gcc/arm-none-eabi/7.3.1/../../../../arm-none-eabi/lib/thumb/v7e-m/fpv4-sp/hard\libm.a(lib_a-e_atan2.o) (fabs)
d:/ac6/systemworkbench/plugins/fr.ac6.mcu.externaltools.arm-none.win32_1.17.0.201812190825/tools/compiler/bin/../lib/gcc/arm-none-eabi/7.3.1/../../../../arm-none-eabi/lib/thumb/v7e-m/fpv4-sp/hard\libm.a(lib_a-s_lib_ver.o)
                              d:/ac6/systemworkbench/plugins/fr.ac6.mcu.externaltools.arm-none.win32_1.17.0.201812190825/tools/compiler/bin/../lib/gcc/arm-none-eabi/7.3.1/../../../../arm-none-eabi/lib/thumb/v7e-m/fpv4-sp/hard\libm.a(lib_a-w_sqrt.o) (__fdlib_version)
d:/ac6/systemworkbench/plugins/fr.ac6.mcu.externaltools.arm-none.win32_1.17.0.201812190825/tools/compiler/bin/../lib/gcc/arm-none-eabi/7.3.1/../../../../arm-none-eabi/lib/thumb/v7e-m/fpv4-sp/hard\libm.a(lib_a-s_matherr.o)
                              d:/ac6/systemworkbench/plugins/fr.ac6.mcu.externaltools.arm-none.win32_1.17.0.201812190825/tools/compiler/bin/../lib/gcc/arm-none-eabi/7.3.1/../../../../arm-none-eabi/lib/thumb/v7e-m/fpv4-sp/hard\libm.a(lib_a-w_sqrt.o) (matherr)
d:/ac6/systemworkbench/plugins/fr.ac6.mcu.externaltools.arm-none.win32_1.17.0.201812190825/tools/compiler/bin/../lib/gcc/arm-none-eabi/7.3.1/thumb/v7e-m/fpv4-sp/hard\libgcc.a(_arm_addsubdf3.o)
                              Src/main.o (__aeabi_dsub)
d:/ac6/systemworkbench/plugins/fr.ac6.mcu.externaltools.arm-none.win32_1.17.0.201812190825/tools/compiler/bin/../lib/gcc/arm-none-eabi/7.3.1/thumb/v7e-m/fpv4-sp/hard\libgcc.a(_arm_muldivdf3.o)
                              Src/main.o (__aeabi_dmul)
d:/ac6/systemworkbench/plugins/fr.ac6.mcu.externaltools.arm-none.win32_1.17.0.201812190825/tools/compiler/bin/../lib/gcc/arm-none-eabi/7.3.1/thumb/v7e-m/fpv4-sp/hard\libgcc.a(_arm_cmpdf2.o)
                              d:/ac6/systemworkbench/plugins/fr.ac6.mcu.externaltools.arm-none.win32_1.17.0.201812190825/tools/compiler/bin/../lib/gcc/arm-none-eabi/7.3.1/../../../../arm-none-eabi/lib/thumb/v7e-m/fpv4-sp/hard\libm.a(lib_a-w_sqrt.o) (__aeabi_dcmplt)
d:/ac6/systemworkbench/plugins/fr.ac6.mcu.externaltools.arm-none.win32_1.17.0.201812190825/tools/compiler/bin/../lib/gcc/arm-none-eabi/7.3.1/thumb/v7e-m/fpv4-sp/hard\libgcc.a(_arm_unorddf2.o)
                              d:/ac6/systemworkbench/plugins/fr.ac6.mcu.externaltools.arm-none.win32_1.17.0.201812190825/tools/compiler/bin/../lib/gcc/arm-none-eabi/7.3.1/../../../../arm-none-eabi/lib/thumb/v7e-m/fpv4-sp/hard\libm.a(lib_a-w_sqrt.o) (__aeabi_dcmpun)
[...]
Memory Configuration

Name             Origin             Length             Attributes
RAM              0x20000000         0x00018000         xrw
RAM2             0x10000000         0x00008000         xrw
FLASH            0x08000000         0x00100000         xr
*default*        0x00000000         0xffffffff

Linker script and memory map

LOAD d:/ac6/systemworkbench/plugins/fr.ac6.mcu.externaltools.arm-none.win32_1.17.0.201812190825/tools/compiler/bin/../lib/gcc/arm-none-eabi/7.3.1/thumb/v7e-m/fpv4-sp/hard/crti.o
LOAD d:/ac6/systemworkbench/plugins/fr.ac6.mcu.externaltools.arm-none.win32_1.17.0.201812190825/tools/compiler/bin/../lib/gcc/arm-none-eabi/7.3.1/thumb/v7e-m/fpv4-sp/hard/crtbegin.o
LOAD d:/ac6/systemworkbench/plugins/fr.ac6.mcu.externaltools.arm-none.win32_1.17.0.201812190825/tools/compiler/bin/../lib/gcc/arm-none-eabi/7.3.1/../../../../arm-none-eabi/lib/thumb/v7e-m/fpv4-sp/hard/crt0.o
LOAD Drivers/STM32L4xx_HAL_Driver/Src/stm32l4xx_hal.o
LOAD Drivers/STM32L4xx_HAL_Driver/Src/stm32l4xx_hal_cortex.o
LOAD Drivers/STM32L4xx_HAL_Driver/Src/stm32l4xx_hal_dac.o
LOAD Drivers/STM32L4xx_HAL_Driver/Src/stm32l4xx_hal_dac_ex.o
LOAD Drivers/STM32L4xx_HAL_Driver/Src/stm32l4xx_hal_dma.o
LOAD Drivers/STM32L4xx_HAL_Driver/Src/stm32l4xx_hal_dma_ex.o
LOAD Drivers/STM32L4xx_HAL_Driver/Src/stm32l4xx_hal_exti.o
LOAD Drivers/STM32L4xx_HAL_Driver/Src/stm32l4xx_hal_flash.o
LOAD Drivers/STM32L4xx_HAL_Driver/Src/stm32l4xx_hal_flash_ex.o
LOAD Drivers/STM32L4xx_HAL_Driver/Src/stm32l4xx_hal_flash_ramfunc.o
LOAD Drivers/STM32L4xx_HAL_Driver/Src/stm32l4xx_hal_gpio.o
LOAD Drivers/STM32L4xx_HAL_Driver/Src/stm32l4xx_hal_i2c.o
LOAD Drivers/STM32L4xx_HAL_Driver/Src/stm32l4xx_hal_i2c_ex.o
LOAD Drivers/STM32L4xx_HAL_Driver/Src/stm32l4xx_hal_pwr.o
LOAD Drivers/STM32L4xx_HAL_Driver/Src/stm32l4xx_hal_pwr_ex.o
LOAD Drivers/STM32L4xx_HAL_Driver/Src/stm32l4xx_hal_rcc.o
LOAD Drivers/STM32L4xx_HAL_Driver/Src/stm32l4xx_hal_rcc_ex.o
LOAD Drivers/STM32L4xx_HAL_Driver/Src/stm32l4xx_hal_sai.o
LOAD Drivers/STM32L4xx_HAL_Driver/Src/stm32l4xx_hal_sai_ex.o
LOAD Drivers/STM32L4xx_HAL_Driver/Src/stm32l4xx_hal_spi.o
LOAD Drivers/STM32L4xx_HAL_Driver/Src/stm32l4xx_hal_spi_ex.o
LOAD Drivers/STM32L4xx_HAL_Driver/Src/stm32l4xx_hal_tim.o
LOAD Drivers/STM32L4xx_HAL_Driver/Src/stm32l4xx_hal_tim_ex.o
LOAD Src/accl.o
LOAD Src/gyro.o
LOAD Src/main.o
LOAD Src/stm32l4xx_hal_msp.o
LOAD Src/stm32l4xx_it.o
LOAD Src/syscalls.o
LOAD Src/system_stm32l4xx.o
LOAD startup/startup_stm32l476xx.o
LOAD d:/ac6/systemworkbench/plugins/fr.ac6.mcu.externaltools.arm-none.win32_1.17.0.201812190825/tools/compiler/bin/../lib/gcc/arm-none-eabi/7.3.1/../../../../arm-none-eabi/lib/thumb/v7e-m/fpv4-sp/hard\libm.a
START GROUP
LOAD d:/ac6/systemworkbench/plugins/fr.ac6.mcu.externaltools.arm-none.win32_1.17.0.201812190825/tools/compiler/bin/../lib/gcc/arm-none-eabi/7.3.1/thumb/v7e-m/fpv4-sp/hard\libgcc.a
LOAD d:/ac6/systemworkbench/plugins/fr.ac6.mcu.externaltools.arm-none.win32_1.17.0.201812190825/tools/compiler/bin/../lib/gcc/arm-none-eabi/7.3.1/../../../../arm-none-eabi/lib/thumb/v7e-m/fpv4-sp/hard\libc_nano.a
END GROUP
START GROUP
LOAD d:/ac6/systemworkbench/plugins/fr.ac6.mcu.externaltools.arm-none.win32_1.17.0.201812190825/tools/compiler/bin/../lib/gcc/arm-none-eabi/7.3.1/thumb/v7e-m/fpv4-sp/hard\libgcc.a
LOAD d:/ac6/systemworkbench/plugins/fr.ac6.mcu.externaltools.arm-none.win32_1.17.0.201812190825/tools/compiler/bin/../lib/gcc/arm-none-eabi/7.3.1/../../../../arm-none-eabi/lib/thumb/v7e-m/fpv4-sp/hard\libc_nano.a
LOAD d:/ac6/systemworkbench/plugins/fr.ac6.mcu.externaltools.arm-none.win32_1.17.0.201812190825/tools/compiler/bin/../lib/gcc/arm-none-eabi/7.3.1/../../../../arm-none-eabi/lib/thumb/v7e-m/fpv4-sp/hard\libnosys.a
END GROUP
START GROUP
LOAD d:/ac6/systemworkbench/plugins/fr.ac6.mcu.externaltools.arm-none.win32_1.17.0.201812190825/tools/compiler/bin/../lib/gcc/arm-none-eabi/7.3.1/thumb/v7e-m/fpv4-sp/hard\libgcc.a
LOAD d:/ac6/systemworkbench/plugins/fr.ac6.mcu.externaltools.arm-none.win32_1.17.0.201812190825/tools/compiler/bin/../lib/gcc/arm-none-eabi/7.3.1/../../../../arm-none-eabi/lib/thumb/v7e-m/fpv4-sp/hard\libc_nano.a
LOAD d:/ac6/systemworkbench/plugins/fr.ac6.mcu.externaltools.arm-none.win32_1.17.0.201812190825/tools/compiler/bin/../lib/gcc/arm-none-eabi/7.3.1/../../../../arm-none-eabi/lib/thumb/v7e-m/fpv4-sp/hard\libnosys.a
END GROUP
LOAD d:/ac6/systemworkbench/plugins/fr.ac6.mcu.externaltools.arm-none.win32_1.17.0.201812190825/tools/compiler/bin/../lib/gcc/arm-none-eabi/7.3.1/thumb/v7e-m/fpv4-sp/hard/crtend.o
LOAD d:/ac6/systemworkbench/plugins/fr.ac6.mcu.externaltools.arm-none.win32_1.17.0.201812190825/tools/compiler/bin/../lib/gcc/arm-none-eabi/7.3.1/thumb/v7e-m/fpv4-sp/hard/crtn.o
                0x20018000                _estack = 0x20018000
                0x00000200                _Min_Heap_Size = 0x200
                0x00000400                _Min_Stack_Size = 0x400

.isr_vector     0x08000000      0x188
                0x08000000                . = ALIGN (0x8)
 *(.isr_vector)
 .isr_vector    0x08000000      0x188 startup/startup_stm32l476xx.o
                0x08000000                g_pfnVectors
                0x08000188                . = ALIGN (0x8)

.text           0x08000188     0x4aa0
                0x08000188                . = ALIGN (0x8)
 *(.text)
 .text          0x08000188       0x40 d:/ac6/systemworkbench/plugins/fr.ac6.mcu.externaltools.arm-none.win32_1.17.0.201812190825/tools/compiler/bin/../lib/gcc/arm-none-eabi/7.3.1/thumb/v7e-m/fpv4-sp/hard/crtbegin.o
 .text          0x080001c8      0x378 d:/ac6/systemworkbench/plugins/fr.ac6.mcu.externaltools.arm-none.win32_1.17.0.201812190825/tools/compiler/bin/../lib/gcc/arm-none-eabi/7.3.1/thumb/v7e-m/fpv4-sp/hard\libgcc.a(_arm_addsubdf3.o)
                0x080001c8                __aeabi_drsub
                0x080001d0                __aeabi_dsub
                0x080001d0                __subdf3
                0x080001d4                __aeabi_dadd
                0x080001d4                __adddf3
                0x0800044c                __floatunsidf
                0x0800044c                __aeabi_ui2d
                0x0800046c                __floatsidf
                0x0800046c                __aeabi_i2d
                0x08000490                __aeabi_f2d
                0x08000490                __extendsfdf2
                0x080004d4                __floatundidf
                0x080004d4                __aeabi_ul2d
                0x080004e4                __floatdidf
                0x080004e4                __aeabi_l2d
 .text          0x08000540      0x424 d:/ac6/systemworkbench/plugins/fr.ac6.mcu.externaltools.arm-none.win32_1.17.0.201812190825/tools/compiler/bin/../lib/gcc/arm-none-eabi/7.3.1/thumb/v7e-m/fpv4-sp/hard\libgcc.a(_arm_muldivdf3.o)
                0x08000540                __aeabi_dmul
                0x08000540                __muldf3
                0x08000794                __divdf3
                0x08000794                __aeabi_ddiv
 .text          0x08000964      0x110 d:/ac6/systemworkbench/plugins/fr.ac6.mcu.externaltools.arm-none.win32_1.17.0.201812190825/tools/compiler/bin/../lib/gcc/arm-none-eabi/7.3.1/thumb/v7e-m/fpv4-sp/hard\libgcc.a(_arm_cmpdf2.o)
                0x08000964                __gtdf2
                0x08000964                __gedf2
                0x0800096c                __ltdf2
                0x0800096c                __ledf2
                0x08000974                __nedf2
                0x08000974                __eqdf2
                0x08000974                __cmpdf2
                0x080009f0                __aeabi_cdrcmple
                0x08000a00                __aeabi_cdcmpeq
                0x08000a00                __aeabi_cdcmple
                0x08000a10                __aeabi_dcmpeq
                0x08000a24                __aeabi_dcmplt
                0x08000a38                __aeabi_dcmple
                0x08000a4c                __aeabi_dcmpge
                0x08000a60                __aeabi_dcmpgt
 .text          0x08000a74       0x2c d:/ac6/systemworkbench/plugins/fr.ac6.mcu.externaltools.arm-none.win32_1.17.0.201812190825/tools/compiler/bin/../lib/gcc/arm-none-eabi/7.3.1/thumb/v7e-m/fpv4-sp/hard\libgcc.a(_arm_unorddf2.o)
                0x08000a74                __unorddf2
                0x08000a74                __aeabi_dcmpun
 .text          0x08000aa0       0xa0 d:/ac6/systemworkbench/plugins/fr.ac6.mcu.externaltools.arm-none.win32_1.17.0.201812190825/tools/compiler/bin/../lib/gcc/arm-none-eabi/7.3.1/thumb/v7e-m/fpv4-sp/hard\libgcc.a(_arm_truncdfsf2.o)
                0x08000aa0                __truncdfsf2
                0x08000aa0                __aeabi_d2f
 *(.text*)
 .text.HAL_InitTick
                0x08000b40       0x4c Drivers/STM32L4xx_HAL_Driver/Src/stm32l4xx_hal.o
                0x08000b40                HAL_InitTick
 .text.HAL_Init
                0x08000b8c       0x2c Drivers/STM32L4xx_HAL_Driver/Src/stm32l4xx_hal.o
                0x08000b8c                HAL_Init
 .text.HAL_IncTick
                0x08000bb8       0x18 Drivers/STM32L4xx_HAL_Driver/Src/stm32l4xx_hal.o
                0x08000bb8                HAL_IncTick
 .text.HAL_GetTick
                0x08000bd0        0xc Drivers/STM32L4xx_HAL_Driver/Src/stm32l4xx_hal.o
                0x08000bd0                HAL_GetTick
 .text.HAL_Delay
                0x08000bdc       0x28 Drivers/STM32L4xx_HAL_Driver/Src/stm32l4xx_hal.o
                0x08000bdc                HAL_Delay
 .text.HAL_NVIC_SetPriorityGrouping
                0x08000c04       0x24 Drivers/STM32L4xx_HAL_Driver/Src/stm32l4xx_hal_cortex.o
                0x08000c04                HAL_NVIC_SetPriorityGrouping
 .text.HAL_NVIC_SetPriority
                0x08000c28       0x68 Drivers/STM32L4xx_HAL_Driver/Src/stm32l4xx_hal_cortex.o
                0x08000c28                HAL_NVIC_SetPriority
 .text.HAL_SYSTICK_Config
                0x08000c90       0x2c Drivers/STM32L4xx_HAL_Driver/Src/stm32l4xx_hal_cortex.o
                0x08000c90                HAL_SYSTICK_Config
 .text.HAL_DAC_Init
                0x08000cbc       0x24 Drivers/STM32L4xx_HAL_Driver/Src/stm32l4xx_hal_dac.o
                0x08000cbc                HAL_DAC_Init
 .text.HAL_DAC_ConfigChannel
                0x08000ce0      0x136 Drivers/STM32L4xx_HAL_Driver/Src/stm32l4xx_hal_dac.o
                0x08000ce0                HAL_DAC_ConfigChannel
 *fill*         0x08000e16        0x2 
 .text.HAL_GPIO_Init
                0x08000e18      0x1d4 Drivers/STM32L4xx_HAL_Driver/Src/stm32l4xx_hal_gpio.o
                0x08000e18                HAL_GPIO_Init
 .text.HAL_GPIO_WritePin
                0x08000fec        0xa Drivers/STM32L4xx_HAL_Driver/Src/stm32l4xx_hal_gpio.o
                0x08000fec                HAL_GPIO_WritePin
 *fill*         0x08000ff6        0x2 
 .text.HAL_PWREx_GetVoltageRange
                0x08000ff8       0x10 Drivers/STM32L4xx_HAL_Driver/Src/stm32l4xx_hal_pwr_ex.o
                0x08000ff8                HAL_PWREx_GetVoltageRange
 .text.HAL_PWREx_ControlVoltageScaling
                0x08001008       0x90 Drivers/STM32L4xx_HAL_Driver/Src/stm32l4xx_hal_pwr_ex.o
                0x08001008                HAL_PWREx_ControlVoltageScaling
 .text.RCC_SetFlashLatencyFromMSIRange
                0x08001098       0x90 Drivers/STM32L4xx_HAL_Driver/Src/stm32l4xx_hal_rcc.o
 .text.HAL_RCC_GetSysClockFreq
                0x08001128       0xb4 Drivers/STM32L4xx_HAL_Driver/Src/stm32l4xx_hal_rcc.o
                0x08001128                HAL_RCC_GetSysClockFreq
 .text.HAL_RCC_OscConfig
                0x080011dc      0x5dc Drivers/STM32L4xx_HAL_Driver/Src/stm32l4xx_hal_rcc.o
                0x080011dc                HAL_RCC_OscConfig
 .text.HAL_RCC_ClockConfig
                0x080017b8      0x158 Drivers/STM32L4xx_HAL_Driver/Src/stm32l4xx_hal_rcc.o
                0x080017b8                HAL_RCC_ClockConfig
 .text.HAL_RCC_GetHCLKFreq
                0x08001910        0xc Drivers/STM32L4xx_HAL_Driver/Src/stm32l4xx_hal_rcc.o
                0x08001910                HAL_RCC_GetHCLKFreq
 .text.HAL_RCC_GetPCLK1Freq
                0x0800191c       0x24 Drivers/STM32L4xx_HAL_Driver/Src/stm32l4xx_hal_rcc.o
                0x0800191c                HAL_RCC_GetPCLK1Freq
 .text.HAL_RCC_GetPCLK2Freq
                0x08001940       0x24 Drivers/STM32L4xx_HAL_Driver/Src/stm32l4xx_hal_rcc.o
                0x08001940                HAL_RCC_GetPCLK2Freq
 .text.RCCEx_GetSAIxPeriphCLKFreq
                0x08001964      0x108 Drivers/STM32L4xx_HAL_Driver/Src/stm32l4xx_hal_rcc_ex.o
 .text.RCCEx_PLLSAI1_Config
                0x08001a6c      0x170 Drivers/STM32L4xx_HAL_Driver/Src/stm32l4xx_hal_rcc_ex.o
 .text.RCCEx_PLLSAI2_Config
                0x08001bdc      0x14c Drivers/STM32L4xx_HAL_Driver/Src/stm32l4xx_hal_rcc_ex.o
 .text.HAL_RCCEx_PeriphCLKConfig
                0x08001d28      0x450 Drivers/STM32L4xx_HAL_Driver/Src/stm32l4xx_hal_rcc_ex.o
                0x08001d28                HAL_RCCEx_PeriphCLKConfig
 .text.HAL_RCCEx_GetPeriphCLKFreq
                0x08002178      0x748 Drivers/STM32L4xx_HAL_Driver/Src/stm32l4xx_hal_rcc_ex.o
                0x08002178                HAL_RCCEx_GetPeriphCLKFreq
 .text.SAI_Disable
                0x080028c0       0x44 Drivers/STM32L4xx_HAL_Driver/Src/stm32l4xx_hal_sai.o
 .text.HAL_SAI_Init
                0x08002904      0x1d4 Drivers/STM32L4xx_HAL_Driver/Src/stm32l4xx_hal_sai.o
                0x08002904                HAL_SAI_Init
 .text.SPI_WaitFlagStateUntilTimeout
                0x08002ad8       0x90 Drivers/STM32L4xx_HAL_Driver/Src/stm32l4xx_hal_spi.o
 .text.SPI_WaitFifoStateUntilTimeout
                0x08002b68       0x98 Drivers/STM32L4xx_HAL_Driver/Src/stm32l4xx_hal_spi.o
 .text.SPI_EndRxTxTransaction
                0x08002c00       0x66 Drivers/STM32L4xx_HAL_Driver/Src/stm32l4xx_hal_spi.o
 .text.SPI_EndRxTransaction
                0x08002c66       0x88 Drivers/STM32L4xx_HAL_Driver/Src/stm32l4xx_hal_spi.o
 .text.HAL_SPI_Init
                0x08002cee       0xb0 Drivers/STM32L4xx_HAL_Driver/Src/stm32l4xx_hal_spi.o
                0x08002cee                HAL_SPI_Init
 .text.HAL_SPI_Transmit
                0x08002d9e      0x1dc Drivers/STM32L4xx_HAL_Driver/Src/stm32l4xx_hal_spi.o
                0x08002d9e                HAL_SPI_Transmit
 .text.HAL_SPI_TransmitReceive
                0x08002f7a      0x2ce Drivers/STM32L4xx_HAL_Driver/Src/stm32l4xx_hal_spi.o
                0x08002f7a                HAL_SPI_TransmitReceive
 .text.HAL_SPI_Receive
                0x08003248      0x194 Drivers/STM32L4xx_HAL_Driver/Src/stm32l4xx_hal_spi.o
                0x08003248                HAL_SPI_Receive
 .text.TIM_TI1_ConfigInputStage
                0x080033dc       0x26 Drivers/STM32L4xx_HAL_Driver/Src/stm32l4xx_hal_tim.o
 .text.TIM_TI2_ConfigInputStage
                0x08003402       0x28 Drivers/STM32L4xx_HAL_Driver/Src/stm32l4xx_hal_tim.o
 .text.TIM_ITRx_SetConfig
                0x0800342a       0x10 Drivers/STM32L4xx_HAL_Driver/Src/stm32l4xx_hal_tim.o
 *fill*         0x0800343a        0x2 
 .text.HAL_TIM_Base_Start
                0x0800343c       0x30 Drivers/STM32L4xx_HAL_Driver/Src/stm32l4xx_hal_tim.o
                0x0800343c                HAL_TIM_Base_Start
 .text.TIM_Base_SetConfig
                0x0800346c       0xc8 Drivers/STM32L4xx_HAL_Driver/Src/stm32l4xx_hal_tim.o
                0x0800346c                TIM_Base_SetConfig
 .text.HAL_TIM_Base_Init
                0x08003534       0x32 Drivers/STM32L4xx_HAL_Driver/Src/stm32l4xx_hal_tim.o
                0x08003534                HAL_TIM_Base_Init
 .text.TIM_ETR_SetConfig
                0x08003566       0x18 Drivers/STM32L4xx_HAL_Driver/Src/stm32l4xx_hal_tim.o
                0x08003566                TIM_ETR_SetConfig
 *fill*         0x0800357e        0x2 
 .text.HAL_TIM_ConfigClockSource
                0x08003580       0xdc Drivers/STM32L4xx_HAL_Driver/Src/stm32l4xx_hal_tim.o
                0x08003580                HAL_TIM_ConfigClockSource
 .text.HAL_TIMEx_MasterConfigSynchronization
                0x0800365c       0x64 Drivers/STM32L4xx_HAL_Driver/Src/stm32l4xx_hal_tim_ex.o
                0x0800365c                HAL_TIMEx_MasterConfigSynchronization
 .text.accl_Init
                0x080036c0      0x144 Src/accl.o
                0x080036c0                accl_Init
 .text.accl_Read
                0x08003804      0x160 Src/accl.o
                0x08003804                accl_Read
 .text.Gyro_Init
                0x08003964      0x180 Src/gyro.o
                0x08003964                Gyro_Init
 .text.Gyro_Read
                0x08003ae4       0xc0 Src/gyro.o
                0x08003ae4                Gyro_Read
 .text.MX_SPI2_Init
                0x08003ba4       0x48 Src/main.o
 .text.MX_GPIO_Init
                0x08003bec      0x11c Src/main.o
 .text.MX_SAI1_Init
                0x08003d08       0x54 Src/main.o
 .text.MX_DAC1_Init
                0x08003d5c       0x3c Src/main.o
 .text.MX_TIM1_Init
                0x08003d98       0x5c Src/main.o
 .text.SystemClock_Config
                0x08003df4       0x84 Src/main.o
                0x08003df4                SystemClock_Config
 .text.main     0x08003e78      0x374 Src/main.o
                0x08003e78                main
 .text.HAL_MspInit
                0x080041ec       0x30 Src/stm32l4xx_hal_msp.o
                0x080041ec                HAL_MspInit
 .text.HAL_DAC_MspInit
                0x0800421c       0x60 Src/stm32l4xx_hal_msp.o
                0x0800421c                HAL_DAC_MspInit
 .text.HAL_SPI_MspInit
                0x0800427c       0x68 Src/stm32l4xx_hal_msp.o
                0x0800427c                HAL_SPI_MspInit
 .text.HAL_TIM_Base_MspInit
                0x080042e4       0x2c Src/stm32l4xx_hal_msp.o
                0x080042e4                HAL_TIM_Base_MspInit
 .text.HAL_SAI_MspInit
                0x08004310       0x60 Src/stm32l4xx_hal_msp.o
                0x08004310                HAL_SAI_MspInit
 .text.NMI_Handler
                0x08004370        0x2 Src/stm32l4xx_it.o
                0x08004370                NMI_Handler
 .text.HardFault_Handler
                0x08004372        0x2 Src/stm32l4xx_it.o
                0x08004372                HardFault_Handler
 .text.MemManage_Handler
                0x08004374        0x2 Src/stm32l4xx_it.o
                0x08004374                MemManage_Handler
 .text.BusFault_Handler
                0x08004376        0x2 Src/stm32l4xx_it.o
                0x08004376                BusFault_Handler
 .text.UsageFault_Handler
                0x08004378        0x2 Src/stm32l4xx_it.o
                0x08004378                UsageFault_Handler
 .text.SVC_Handler
                0x0800437a        0x2 Src/stm32l4xx_it.o
                0x0800437a                SVC_Handler
 .text.DebugMon_Handler
                0x0800437c        0x2 Src/stm32l4xx_it.o
                0x0800437c                DebugMon_Handler
 .text.PendSV_Handler
                0x0800437e        0x2 Src/stm32l4xx_it.o
                0x0800437e                PendSV_Handler
 .text.SysTick_Handler
                0x08004380        0x8 Src/stm32l4xx_it.o
                0x08004380                SysTick_Handler
 .text.SystemInit
                0x08004388       0x48 Src/system_stm32l4xx.o
                0x08004388                SystemInit
 .text.Reset_Handler
                0x080043d0       0x50 startup/startup_stm32l476xx.o
                0x080043d0                Reset_Handler
 .text.Default_Handler
                0x08004420        0x2 startup/startup_stm32l476xx.o
                0x08004420                RTC_Alarm_IRQHandler
                0x08004420                EXTI2_IRQHandler
                0x08004420                TIM8_TRG_COM_IRQHandler
                0x08004420                TIM8_CC_IRQHandler
                0x08004420                TIM1_CC_IRQHandler
                0x08004420                TSC_IRQHandler
                0x08004420                TAMP_STAMP_IRQHandler
                0x08004420                EXTI3_IRQHandler
                0x08004420                LPTIM2_IRQHandler
                0x08004420                DFSDM1_FLT1_IRQHandler
                0x08004420                I2C3_ER_IRQHandler
                0x08004420                DFSDM1_FLT2_IRQHandler
                0x08004420                EXTI0_IRQHandler
                0x08004420                I2C2_EV_IRQHandler
                0x08004420                CAN1_RX0_IRQHandler
                0x08004420                FPU_IRQHandler
                0x08004420                TIM1_UP_TIM16_IRQHandler
                0x08004420                ADC1_2_IRQHandler
                0x08004420                SPI1_IRQHandler
                0x08004420                TIM6_DAC_IRQHandler
                0x08004420                TIM8_UP_IRQHandler
                0x08004420                DMA2_Channel2_IRQHandler
                0x08004420                DMA1_Channel4_IRQHandler
                0x08004420                SAI2_IRQHandler
                0x08004420                DFSDM1_FLT3_IRQHandler
                0x08004420                USART3_IRQHandler
                0x08004420                DMA1_Channel7_IRQHandler
                0x08004420                CAN1_RX1_IRQHandler
                0x08004420                LCD_IRQHandler
                0x08004420                UART5_IRQHandler
                0x08004420                ADC3_IRQHandler
                0x08004420                TIM4_IRQHandler
                0x08004420                DMA2_Channel1_IRQHandler
                0x08004420                QUADSPI_IRQHandler
                0x08004420                I2C1_EV_IRQHandler
                0x08004420                DMA1_Channel6_IRQHandler
                0x08004420                UART4_IRQHandler
                0x08004420                DMA2_Channel4_IRQHandler
                0x08004420                TIM3_IRQHandler
                0x08004420                RCC_IRQHandler
                0x08004420                DMA1_Channel1_IRQHandler
                0x08004420                Default_Handler
                0x08004420                DMA2_Channel7_IRQHandler
                0x08004420                EXTI15_10_IRQHandler
                0x08004420                TIM7_IRQHandler
                0x08004420                SDMMC1_IRQHandler
                0x08004420                TIM5_IRQHandler
                0x08004420                I2C3_EV_IRQHandler
                0x08004420                EXTI9_5_IRQHandler
                0x08004420                RTC_WKUP_IRQHandler
                0x08004420                PVD_PVM_IRQHandler
                0x08004420                SPI2_IRQHandler
                0x08004420                CAN1_TX_IRQHandler
                0x08004420                DMA2_Channel5_IRQHandler
                0x08004420                DMA1_Channel5_IRQHandler
                0x08004420                EXTI4_IRQHandler
                0x08004420                RNG_IRQHandler
                0x08004420                TIM1_TRG_COM_TIM17_IRQHandler
                0x08004420                DMA1_Channel3_IRQHandler
                0x08004420                COMP_IRQHandler
                0x08004420                WWDG_IRQHandler
                0x08004420                LPUART1_IRQHandler
                0x08004420                DMA2_Channel6_IRQHandler
                0x08004420                TIM2_IRQHandler
                0x08004420                EXTI1_IRQHandler
                0x08004420                USART2_IRQHandler
                0x08004420                DFSDM1_FLT0_IRQHandler
                0x08004420                I2C2_ER_IRQHandler
                0x08004420                DMA1_Channel2_IRQHandler
                0x08004420                TIM8_BRK_IRQHandler
                0x08004420                CAN1_SCE_IRQHandler
                0x08004420                FLASH_IRQHandler
                0x08004420                USART1_IRQHandler
                0x08004420                OTG_FS_IRQHandler
                0x08004420                SPI3_IRQHandler
                0x08004420                I2C1_ER_IRQHandler
                0x08004420                FMC_IRQHandler
                0x08004420                SWPMI1_IRQHandler
                0x08004420                LPTIM1_IRQHandler
                0x08004420                SAI1_IRQHandler
                0x08004420                DMA2_Channel3_IRQHandler
                0x08004420                TIM1_BRK_TIM15_IRQHandler
 *fill*         0x08004422        0x2 
 .text.atan2    0x08004424        0x4 d:/ac6/systemworkbench/plugins/fr.ac6.mcu.externaltools.arm-none.win32_1.17.0.201812190825/tools/compiler/bin/../lib/gcc/arm-none-eabi/7.3.1/../../../../arm-none-eabi/lib/thumb/v7e-m/fpv4-sp/hard\libm.a(lib_a-w_atan2.o)
                0x08004424                atan2
 .text.sqrt     0x08004428       0xb8 d:/ac6/systemworkbench/plugins/fr.ac6.mcu.externaltools.arm-none.win32_1.17.0.201812190825/tools/compiler/bin/../lib/gcc/arm-none-eabi/7.3.1/../../../../arm-none-eabi/lib/thumb/v7e-m/fpv4-sp/hard\libm.a(lib_a-w_sqrt.o)
                0x08004428                sqrt
 .text.__ieee754_atan2
                0x080044e0      0x1c4 d:/ac6/systemworkbench/plugins/fr.ac6.mcu.externaltools.arm-none.win32_1.17.0.201812190825/tools/compiler/bin/../lib/gcc/arm-none-eabi/7.3.1/../../../../arm-none-eabi/lib/thumb/v7e-m/fpv4-sp/hard\libm.a(lib_a-e_atan2.o)
                0x080044e0                __ieee754_atan2
 .text.__ieee754_sqrt
                0x080046a4      0x194 d:/ac6/systemworkbench/plugins/fr.ac6.mcu.externaltools.arm-none.win32_1.17.0.201812190825/tools/compiler/bin/../lib/gcc/arm-none-eabi/7.3.1/../../../../arm-none-eabi/lib/thumb/v7e-m/fpv4-sp/hard\libm.a(lib_a-e_sqrt.o)
                0x080046a4                __ieee754_sqrt
 .text.atan     0x08004838      0x358 d:/ac6/systemworkbench/plugins/fr.ac6.mcu.externaltools.arm-none.win32_1.17.0.201812190825/tools/compiler/bin/../lib/gcc/arm-none-eabi/7.3.1/../../../../arm-none-eabi/lib/thumb/v7e-m/fpv4-sp/hard\libm.a(lib_a-s_atan.o)
                0x08004838                atan
 .text.fabs     0x08004b90       0x14 d:/ac6/systemworkbench/plugins/fr.ac6.mcu.externaltools.arm-none.win32_1.17.0.201812190825/tools/compiler/bin/../lib/gcc/arm-none-eabi/7.3.1/../../../../arm-none-eabi/lib/thumb/v7e-m/fpv4-sp/hard\libm.a(lib_a-s_fabs.o)
                0x08004b90                fabs
 .text.matherr  0x08004ba4        0x4 d:/ac6/systemworkbench/plugins/fr.ac6.mcu.externaltools.arm-none.win32_1.17.0.201812190825/tools/compiler/bin/../lib/gcc/arm-none-eabi/7.3.1/../../../../arm-none-eabi/lib/thumb/v7e-m/fpv4-sp/hard\libm.a(lib_a-s_matherr.o)
                0x08004ba4                matherr
 .text.__errno  0x08004ba8        0xc d:/ac6/systemworkbench/plugins/fr.ac6.mcu.externaltools.arm-none.win32_1.17.0.201812190825/tools/compiler/bin/../lib/gcc/arm-none-eabi/7.3.1/../../../../arm-none-eabi/lib/thumb/v7e-m/fpv4-sp/hard\libc_nano.a(lib_a-errno.o)
                0x08004ba8                __errno
 .text.__libc_init_array
                0x08004bb4       0x48 d:/ac6/systemworkbench/plugins/fr.ac6.mcu.externaltools.arm-none.win32_1.17.0.201812190825/tools/compiler/bin/../lib/gcc/arm-none-eabi/7.3.1/../../../../arm-none-eabi/lib/thumb/v7e-m/fpv4-sp/hard\libc_nano.a(lib_a-init.o)
                0x08004bb4                __libc_init_array
 .text.memset   0x08004bfc       0x10 d:/ac6/systemworkbench/plugins/fr.ac6.mcu.externaltools.arm-none.win32_1.17.0.201812190825/tools/compiler/bin/../lib/gcc/arm-none-eabi/7.3.1/../../../../arm-none-eabi/lib/thumb/v7e-m/fpv4-sp/hard\libc_nano.a(lib_a-memset.o)
                0x08004bfc                memset
 *(.glue_7)
 .glue_7        0x08004c0c        0x0 linker stubs
 *(.glue_7t)
 .glue_7t       0x08004c0c        0x0 linker stubs
 *(.eh_frame)
 .eh_frame      0x08004c0c        0x0 d:/ac6/systemworkbench/plugins/fr.ac6.mcu.externaltools.arm-none.win32_1.17.0.201812190825/tools/compiler/bin/../lib/gcc/arm-none-eabi/7.3.1/thumb/v7e-m/fpv4-sp/hard/crtbegin.o
 *(.init)
 .init          0x08004c0c        0x4 d:/ac6/systemworkbench/plugins/fr.ac6.mcu.externaltools.arm-none.win32_1.17.0.201812190825/tools/compiler/bin/../lib/gcc/arm-none-eabi/7.3.1/thumb/v7e-m/fpv4-sp/hard/crti.o
                0x08004c0c                _init
 .init          0x08004c10        0x8 d:/ac6/systemworkbench/plugins/fr.ac6.mcu.externaltools.arm-none.win32_1.17.0.201812190825/tools/compiler/bin/../lib/gcc/arm-none-eabi/7.3.1/thumb/v7e-m/fpv4-sp/hard/crtn.o
 *(.fini)
 .fini          0x08004c18        0x4 d:/ac6/systemworkbench/plugins/fr.ac6.mcu.externaltools.arm-none.win32_1.17.0.201812190825/tools/compiler/bin/../lib/gcc/arm-none-eabi/7.3.1/thumb/v7e-m/fpv4-sp/hard/crti.o
                0x08004c18                _fini
 .fini          0x08004c1c        0x8 d:/ac6/systemworkbench/plugins/fr.ac6.mcu.externaltools.arm-none.win32_1.17.0.201812190825/tools/compiler/bin/../lib/gcc/arm-none-eabi/7.3.1/thumb/v7e-m/fpv4-sp/hard/crtn.o
                0x08004c28                . = ALIGN (0x8)
 *fill*         0x08004c24        0x4 
                0x08004c28                _etext = .

.vfp11_veneer   0x08004c28        0x0
 .vfp11_veneer  0x08004c28        0x0 linker stubs

.v4_bx          0x08004c28        0x0
 .v4_bx         0x08004c28        0x0 linker stubs

.iplt           0x08004c28        0x0
 .iplt          0x08004c28        0x0 d:/ac6/systemworkbench/plugins/fr.ac6.mcu.externaltools.arm-none.win32_1.17.0.201812190825/tools/compiler/bin/../lib/gcc/arm-none-eabi/7.3.1/thumb/v7e-m/fpv4-sp/hard/crtbegin.o

.rodata         0x08004c28       0x90
                0x08004c28                . = ALIGN (0x8)
 *(.rodata)
 .rodata        0x08004c28       0x48 Src/system_stm32l4xx.o
                0x08004c28                MSIRangeTable
                0x08004c58                AHBPrescTable
                0x08004c68                APBPrescTable
 *(.rodata*)
 .rodata.sqrt.str1.4
                0x08004c70        0x8 d:/ac6/systemworkbench/plugins/fr.ac6.mcu.externaltools.arm-none.win32_1.17.0.201812190825/tools/compiler/bin/../lib/gcc/arm-none-eabi/7.3.1/../../../../arm-none-eabi/lib/thumb/v7e-m/fpv4-sp/hard\libm.a(lib_a-w_sqrt.o)
                                  0x5 (size before relaxing)
 .rodata.atanhi
                0x08004c78       0x20 d:/ac6/systemworkbench/plugins/fr.ac6.mcu.externaltools.arm-none.win32_1.17.0.201812190825/tools/compiler/bin/../lib/gcc/arm-none-eabi/7.3.1/../../../../arm-none-eabi/lib/thumb/v7e-m/fpv4-sp/hard\libm.a(lib_a-s_atan.o)
 .rodata.atanlo
                0x08004c98       0x20 d:/ac6/systemworkbench/plugins/fr.ac6.mcu.externaltools.arm-none.win32_1.17.0.201812190825/tools/compiler/bin/../lib/gcc/arm-none-eabi/7.3.1/../../../../arm-none-eabi/lib/thumb/v7e-m/fpv4-sp/hard\libm.a(lib_a-s_atan.o)
                0x08004cb8                . = ALIGN (0x8)

.rel.dyn        0x08004cb8        0x0
 .rel.iplt      0x08004cb8        0x0 d:/ac6/systemworkbench/plugins/fr.ac6.mcu.externaltools.arm-none.win32_1.17.0.201812190825/tools/compiler/bin/../lib/gcc/arm-none-eabi/7.3.1/thumb/v7e-m/fpv4-sp/hard/crtbegin.o

.ARM.extab      0x08004cb8        0x0
                0x08004cb8                . = ALIGN (0x8)
 *(.ARM.extab* .gnu.linkonce.armextab.*)
                0x08004cb8                . = ALIGN (0x8)

.ARM            0x08004cb8        0x0
                0x08004cb8                . = ALIGN (0x8)
                0x08004cb8                __exidx_start = .
 *(.ARM.exidx*)
                0x08004cb8                __exidx_end = .
                0x08004cb8                . = ALIGN (0x8)

.preinit_array  0x08004cb8        0x0
                0x08004cb8                . = ALIGN (0x8)
                0x08004cb8                PROVIDE (__preinit_array_start = .)
 *(.preinit_array*)
                0x08004cb8                PROVIDE (__preinit_array_end = .)
                0x08004cb8                . = ALIGN (0x8)

.init_array     0x08004cb8        0x8
                0x08004cb8                . = ALIGN (0x8)
                0x08004cb8                PROVIDE (__init_array_start = .)
 *(SORT_BY_NAME(.init_array.*))
 *(.init_array*)
 .init_array    0x08004cb8        0x4 d:/ac6/systemworkbench/plugins/fr.ac6.mcu.externaltools.arm-none.win32_1.17.0.201812190825/tools/compiler/bin/../lib/gcc/arm-none-eabi/7.3.1/thumb/v7e-m/fpv4-sp/hard/crtbegin.o
                0x08004cbc                PROVIDE (__init_array_end = .)
                0x08004cc0                . = ALIGN (0x8)
 *fill*         0x08004cbc        0x4 

.fini_array     0x08004cc0        0x8
                0x08004cc0                . = ALIGN (0x8)
                [!provide]                PROVIDE (__fini_array_start = .)
 *(SORT_BY_NAME(.fini_array.*))
 *(.fini_array*)
 .fini_array    0x08004cc0        0x4 d:/ac6/systemworkbench/plugins/fr.ac6.mcu.externaltools.arm-none.win32_1.17.0.201812190825/tools/compiler/bin/../lib/gcc/arm-none-eabi/7.3.1/thumb/v7e-m/fpv4-sp/hard/crtbegin.o
                [!provide]                PROVIDE (__fini_array_end = .)
                0x08004cc8                . = ALIGN (0x8)
 *fill*         0x08004cc4        0x4 
                0x08004cc8                _sidata = LOADADDR (.data)

.data           0x20000000       0x78 load address 0x08004cc8
                0x20000000                . = ALIGN (0x8)
                0x20000000                _sdata = .
 *(.data)
 .data          0x20000000        0x8 Drivers/STM32L4xx_HAL_Driver/Src/stm32l4xx_hal.o
                0x20000000                uwTickFreq
                0x20000004                uwTickPrio
 .data          0x20000008        0x4 Src/system_stm32l4xx.o
                0x20000008                SystemCoreClock
 *(.data*)
 .data.__fdlib_version
                0x2000000c        0x1 d:/ac6/systemworkbench/plugins/fr.ac6.mcu.externaltools.arm-none.win32_1.17.0.201812190825/tools/compiler/bin/../lib/gcc/arm-none-eabi/7.3.1/../../../../arm-none-eabi/lib/thumb/v7e-m/fpv4-sp/hard\libm.a(lib_a-s_lib_ver.o)
                0x2000000c                __fdlib_version
 *fill*         0x2000000d        0x3 
 .data._impure_ptr
                0x20000010        0x4 d:/ac6/systemworkbench/plugins/fr.ac6.mcu.externaltools.arm-none.win32_1.17.0.201812190825/tools/compiler/bin/../lib/gcc/arm-none-eabi/7.3.1/../../../../arm-none-eabi/lib/thumb/v7e-m/fpv4-sp/hard\libc_nano.a(lib_a-impure.o)
                0x20000010                _impure_ptr
 .data.impure_data
                0x20000014       0x60 d:/ac6/systemworkbench/plugins/fr.ac6.mcu.externaltools.arm-none.win32_1.17.0.201812190825/tools/compiler/bin/../lib/gcc/arm-none-eabi/7.3.1/../../../../arm-none-eabi/lib/thumb/v7e-m/fpv4-sp/hard\libc_nano.a(lib_a-impure.o)
                0x20000078                . = ALIGN (0x8)
 *fill*         0x20000074        0x4 
                0x20000078                _edata = .

.igot.plt       0x20000078        0x0 load address 0x08004d40
 .igot.plt      0x20000078        0x0 d:/ac6/systemworkbench/plugins/fr.ac6.mcu.externaltools.arm-none.win32_1.17.0.201812190825/tools/compiler/bin/../lib/gcc/arm-none-eabi/7.3.1/thumb/v7e-m/fpv4-sp/hard/crtbegin.o
                0x20000078                . = ALIGN (0x4)

.bss            0x20000078      0x264 load address 0x08004d40
                0x20000078                _sbss = .
                0x20000078                __bss_start__ = _sbss
 *(.bss)
 .bss           0x20000078       0x1c d:/ac6/systemworkbench/plugins/fr.ac6.mcu.externaltools.arm-none.win32_1.17.0.201812190825/tools/compiler/bin/../lib/gcc/arm-none-eabi/7.3.1/thumb/v7e-m/fpv4-sp/hard/crtbegin.o
 .bss           0x20000094       0x52 Src/main.o
                0x20000094                avg_cnt
                0x20000098                accl_avg
                0x200000a0                accl_pos
                0x200000ac                accl_sum
                0x200000b8                accl_read
                0x200000c0                gyro_avg
                0x200000c8                gyro_pos
                0x200000d4                gyro_sum
                0x200000e0                gyro_read
 *fill*         0x200000e6        0x2 
 .bss           0x200000e8        0x4 Src/stm32l4xx_hal_msp.o
 *(.bss*)
 *(COMMON)
 COMMON         0x200000ec        0x4 Drivers/STM32L4xx_HAL_Driver/Src/stm32l4xx_hal.o
                0x200000ec                uwTick
 COMMON         0x200000f0      0x1ea Src/main.o
                0x200000f0                accelY
                0x200000f8                hspi2
                0x2000015c                os_a
                0x20000164                timer
                0x20000168                accelX
                0x20000170                hdac1
                0x20000188                gyroX
                0x20000190                g
                0x20000198                temperature
                0x200001a0                os_m
                0x200001a8                gyroZ
                0x200001b0                cal_int
                0x200001b8                gyro_y_cal
                0x200001c0                gyro_x_cal
                0x200001c8                htim1
                0x20000208                accelZ
                0x20000210                gyro_z_cal
                0x20000218                yaw
                0x20000220                pitchangle
                0x20000224                hsai_BlockA1
                0x200002a8                pitch
                0x200002b0                roll
                0x200002b8                dt
                0x200002c0                a
                0x200002c4                rollangle
                0x200002c8                gyroY
                0x200002d0                m
                0x200002d4                os_g
                0x200002dc                . = ALIGN (0x4)
 *fill*         0x200002da        0x2 
                0x200002dc                _ebss = .
                0x200002dc                __bss_end__ = _ebss

._user_heap_stack
                0x200002dc      0x604 load address 0x08004d40
                0x200002e0                . = ALIGN (0x8)
 *fill*         0x200002dc        0x4 
                0x200002e0                PROVIDE (end = .)
                [!provide]                PROVIDE (_end = .)
                0x200004e0                . = (. + _Min_Heap_Size)
 *fill*         0x200002e0      0x200 
                0x200008e0                . = (. + _Min_Stack_Size)
 *fill*         0x200004e0      0x400 
                0x200008e0                . = ALIGN (0x8)

/DISCARD/
 libc.a(*)
 libm.a(*)
 libgcc.a(*)

.ARM.attributes
                0x00000000       0x30
 *(.ARM.attributes)
 .ARM.attributes
                0x00000000       0x22 d:/ac6/systemworkbench/plugins/fr.ac6.mcu.externaltools.arm-none.win32_1.17.0.201812190825/tools/compiler/bin/../lib/gcc/arm-none-eabi/7.3.1/thumb/v7e-m/fpv4-sp/hard/crti.o
 .ARM.attributes
                0x00000022       0x34 d:/ac6/systemworkbench/plugins/fr.ac6.mcu.externaltools.arm-none.win32_1.17.0.201812190825/tools/compiler/bin/../lib/gcc/arm-none-eabi/7.3.1/thumb/v7e-m/fpv4-sp/hard/crtbegin.o
 .ARM.attributes
                0x00000056       0x39 Drivers/STM32L4xx_HAL_Driver/Src/stm32l4xx_hal.o
 .ARM.attributes
                0x0000008f       0x39 Drivers/STM32L4xx_HAL_Driver/Src/stm32l4xx_hal_cortex.o
 .ARM.attributes
                0x000000c8       0x39 Drivers/STM32L4xx_HAL_Driver/Src/stm32l4xx_hal_dac.o
 .ARM.attributes
                0x00000101       0x39 Drivers/STM32L4xx_HAL_Driver/Src/stm32l4xx_hal_gpio.o
 .ARM.attributes
                0x0000013a       0x39 Drivers/STM32L4xx_HAL_Driver/Src/stm32l4xx_hal_pwr_ex.o
 .ARM.attributes
                0x00000173       0x39 Drivers/STM32L4xx_HAL_Driver/Src/stm32l4xx_hal_rcc.o
 .ARM.attributes
                0x000001ac       0x39 Drivers/STM32L4xx_HAL_Driver/Src/stm32l4xx_hal_rcc_ex.o
 .ARM.attributes
                0x000001e5       0x39 Drivers/STM32L4xx_HAL_Driver/Src/stm32l4xx_hal_sai.o
 .ARM.attributes
                0x0000021e       0x39 Drivers/STM32L4xx_HAL_Driver/Src/stm32l4xx_hal_spi.o
 .ARM.attributes
                0x00000257       0x39 Drivers/STM32L4xx_HAL_Driver/Src/stm32l4xx_hal_tim.o
 .ARM.attributes
                0x00000290       0x39 Drivers/STM32L4xx_HAL_Driver/Src/stm32l4xx_hal_tim_ex.o
 .ARM.attributes
                0x000002c9       0x39 Src/accl.o
 .ARM.attributes
                0x00000302       0x39 Src/gyro.o
 .ARM.attributes
                0x0000033b       0x39 Src/main.o
 .ARM.attributes
                0x00000374       0x39 Src/stm32l4xx_hal_msp.o
 .ARM.attributes
                0x000003ad       0x39 Src/stm32l4xx_it.o
 .ARM.attributes
                0x000003e6       0x39 Src/system_stm32l4xx.o
 .ARM.attributes
                0x0000041f       0x21 startup/startup_stm32l476xx.o
 .ARM.attributes
                0x00000440       0x34 d:/ac6/systemworkbench/plugins/fr.ac6.mcu.externaltools.arm-none.win32_1.17.0.201812190825/tools/compiler/bin/../lib/gcc/arm-none-eabi/7.3.1/../../../../arm-none-eabi/lib/thumb/v7e-m/fpv4-sp/hard\libm.a(lib_a-w_atan2.o)
 .ARM.attributes
                0x00000474       0x34 d:/ac6/systemworkbench/plugins/fr.ac6.mcu.externaltools.arm-none.win32_1.17.0.201812190825/tools/compiler/bin/../lib/gcc/arm-none-eabi/7.3.1/../../../../arm-none-eabi/lib/thumb/v7e-m/fpv4-sp/hard\libm.a(lib_a-w_sqrt.o)
 .ARM.attributes
                0x000004a8       0x34 d:/ac6/systemworkbench/plugins/fr.ac6.mcu.externaltools.arm-none.win32_1.17.0.201812190825/tools/compiler/bin/../lib/gcc/arm-none-eabi/7.3.1/../../../../arm-none-eabi/lib/thumb/v7e-m/fpv4-sp/hard\libm.a(lib_a-e_atan2.o)
 .ARM.attributes
                0x000004dc       0x34 d:/ac6/systemworkbench/plugins/fr.ac6.mcu.externaltools.arm-none.win32_1.17.0.201812190825/tools/compiler/bin/../lib/gcc/arm-none-eabi/7.3.1/../../../../arm-none-eabi/lib/thumb/v7e-m/fpv4-sp/hard\libm.a(lib_a-e_sqrt.o)
 .ARM.attributes
                0x00000510       0x34 d:/ac6/systemworkbench/plugins/fr.ac6.mcu.externaltools.arm-none.win32_1.17.0.201812190825/tools/compiler/bin/../lib/gcc/arm-none-eabi/7.3.1/../../../../arm-none-eabi/lib/thumb/v7e-m/fpv4-sp/hard\libm.a(lib_a-s_atan.o)
 .ARM.attributes
                0x00000544       0x34 d:/ac6/systemworkbench/plugins/fr.ac6.mcu.externaltools.arm-none.win32_1.17.0.201812190825/tools/compiler/bin/../lib/gcc/arm-none-eabi/7.3.1/../../../../arm-none-eabi/lib/thumb/v7e-m/fpv4-sp/hard\libm.a(lib_a-s_fabs.o)
 .ARM.attributes
                0x00000578       0x34 d:/ac6/systemworkbench/plugins/fr.ac6.mcu.externaltools.arm-none.win32_1.17.0.201812190825/tools/compiler/bin/../lib/gcc/arm-none-eabi/7.3.1/../../../../arm-none-eabi/lib/thumb/v7e-m/fpv4-sp/hard\libm.a(lib_a-s_lib_ver.o)
 .ARM.attributes
                0x000005ac       0x34 d:/ac6/systemworkbench/plugins/fr.ac6.mcu.externaltools.arm-none.win32_1.17.0.201812190825/tools/compiler/bin/../lib/gcc/arm-none-eabi/7.3.1/../../../../arm-none-eabi/lib/thumb/v7e-m/fpv4-sp/hard\libm.a(lib_a-s_matherr.o)
 .ARM.attributes
                0x000005e0       0x22 d:/ac6/systemworkbench/plugins/fr.ac6.mcu.externaltools.arm-none.win32_1.17.0.201812190825/tools/compiler/bin/../lib/gcc/arm-none-eabi/7.3.1/thumb/v7e-m/fpv4-sp/hard\libgcc.a(_arm_addsubdf3.o)
 .ARM.attributes
                0x00000602       0x22 d:/ac6/systemworkbench/plugins/fr.ac6.mcu.externaltools.arm-none.win32_1.17.0.201812190825/tools/compiler/bin/../lib/gcc/arm-none-eabi/7.3.1/thumb/v7e-m/fpv4-sp/hard\libgcc.a(_arm_muldivdf3.o)
 .ARM.attributes
                0x00000624       0x22 d:/ac6/systemworkbench/plugins/fr.ac6.mcu.externaltools.arm-none.win32_1.17.0.201812190825/tools/compiler/bin/../lib/gcc/arm-none-eabi/7.3.1/thumb/v7e-m/fpv4-sp/hard\libgcc.a(_arm_cmpdf2.o)
 .ARM.attributes
                0x00000646       0x22 d:/ac6/systemworkbench/plugins/fr.ac6.mcu.externaltools.arm-none.win32_1.17.0.201812190825/tools/compiler/bin/../lib/gcc/arm-none-eabi/7.3.1/thumb/v7e-m/fpv4-sp/hard\libgcc.a(_arm_unorddf2.o)
 .ARM.attributes
                0x00000668       0x22 d:/ac6/systemworkbench/plugins/fr.ac6.mcu.externaltools.arm-none.win32_1.17.0.201812190825/tools/compiler/bin/../lib/gcc/arm-none-eabi/7.3.1/thumb/v7e-m/fpv4-sp/hard\libgcc.a(_arm_truncdfsf2.o)
 .ARM.attributes
                0x0000068a       0x34 d:/ac6/systemworkbench/plugins/fr.ac6.mcu.externaltools.arm-none.win32_1.17.0.201812190825/tools/compiler/bin/../lib/gcc/arm-none-eabi/7.3.1/../../../../arm-none-eabi/lib/thumb/v7e-m/fpv4-sp/hard\libc_nano.a(lib_a-errno.o)
 .ARM.attributes
                0x000006be       0x34 d:/ac6/systemworkbench/plugins/fr.ac6.mcu.externaltools.arm-none.win32_1.17.0.201812190825/tools/compiler/bin/../lib/gcc/arm-none-eabi/7.3.1/../../../../arm-none-eabi/lib/thumb/v7e-m/fpv4-sp/hard\libc_nano.a(lib_a-impure.o)
 .ARM.attributes
                0x000006f2       0x34 d:/ac6/systemworkbench/plugins/fr.ac6.mcu.externaltools.arm-none.win32_1.17.0.201812190825/tools/compiler/bin/../lib/gcc/arm-none-eabi/7.3.1/../../../../arm-none-eabi/lib/thumb/v7e-m/fpv4-sp/hard\libc_nano.a(lib_a-init.o)
 .ARM.attributes
                0x00000726       0x34 d:/ac6/systemworkbench/plugins/fr.ac6.mcu.externaltools.arm-none.win32_1.17.0.201812190825/tools/compiler/bin/../lib/gcc/arm-none-eabi/7.3.1/../../../../arm-none-eabi/lib/thumb/v7e-m/fpv4-sp/hard\libc_nano.a(lib_a-memset.o)
 .ARM.attributes
                0x0000075a       0x22 d:/ac6/systemworkbench/plugins/fr.ac6.mcu.externaltools.arm-none.win32_1.17.0.201812190825/tools/compiler/bin/../lib/gcc/arm-none-eabi/7.3.1/thumb/v7e-m/fpv4-sp/hard/crtn.o
OUTPUT(th.elf elf32-littlearm)

.debug_info     0x00000000    0x149d7
 .debug_info    0x00000000      0xdb0 Drivers/STM32L4xx_HAL_Driver/Src/stm32l4xx_hal.o
 .debug_info    0x00000db0     0x10a0 Drivers/STM32L4xx_HAL_Driver/Src/stm32l4xx_hal_cortex.o
 .debug_info    0x00001e50      0xcee Drivers/STM32L4xx_HAL_Driver/Src/stm32l4xx_hal_dac.o
 .debug_info    0x00002b3e      0x989 Drivers/STM32L4xx_HAL_Driver/Src/stm32l4xx_hal_gpio.o
 .debug_info    0x000034c7      0xb27 Drivers/STM32L4xx_HAL_Driver/Src/stm32l4xx_hal_pwr_ex.o
 .debug_info    0x00003fee      0xf2a Drivers/STM32L4xx_HAL_Driver/Src/stm32l4xx_hal_rcc.o
 .debug_info    0x00004f18     0x12a3 Drivers/STM32L4xx_HAL_Driver/Src/stm32l4xx_hal_rcc_ex.o
 .debug_info    0x000061bb     0x17fa Drivers/STM32L4xx_HAL_Driver/Src/stm32l4xx_hal_sai.o
 .debug_info    0x000079b5     0x1f36 Drivers/STM32L4xx_HAL_Driver/Src/stm32l4xx_hal_spi.o
 .debug_info    0x000098eb     0x33df Drivers/STM32L4xx_HAL_Driver/Src/stm32l4xx_hal_tim.o
 .debug_info    0x0000ccca     0x177b Drivers/STM32L4xx_HAL_Driver/Src/stm32l4xx_hal_tim_ex.o
 .debug_info    0x0000e445     0x1214 Src/accl.o
 .debug_info    0x0000f659      0xce2 Src/gyro.o
 .debug_info    0x0001033b     0x27bc Src/main.o
 .debug_info    0x00012af7     0x1490 Src/stm32l4xx_hal_msp.o
 .debug_info    0x00013f87      0x332 Src/stm32l4xx_it.o
 .debug_info    0x000142b9      0x6fc Src/system_stm32l4xx.o
 .debug_info    0x000149b5       0x22 startup/startup_stm32l476xx.o

.debug_abbrev   0x00000000     0x2377
 .debug_abbrev  0x00000000      0x209 Drivers/STM32L4xx_HAL_Driver/Src/stm32l4xx_hal.o
 .debug_abbrev  0x00000209      0x328 Drivers/STM32L4xx_HAL_Driver/Src/stm32l4xx_hal_cortex.o
 .debug_abbrev  0x00000531      0x1eb Drivers/STM32L4xx_HAL_Driver/Src/stm32l4xx_hal_dac.o
 .debug_abbrev  0x0000071c      0x1de Drivers/STM32L4xx_HAL_Driver/Src/stm32l4xx_hal_gpio.o
 .debug_abbrev  0x000008fa      0x1de Drivers/STM32L4xx_HAL_Driver/Src/stm32l4xx_hal_pwr_ex.o
 .debug_abbrev  0x00000ad8      0x21f Drivers/STM32L4xx_HAL_Driver/Src/stm32l4xx_hal_rcc.o
 .debug_abbrev  0x00000cf7      0x24c Drivers/STM32L4xx_HAL_Driver/Src/stm32l4xx_hal_rcc_ex.o
 .debug_abbrev  0x00000f43      0x24a Drivers/STM32L4xx_HAL_Driver/Src/stm32l4xx_hal_sai.o
 .debug_abbrev  0x0000118d      0x238 Drivers/STM32L4xx_HAL_Driver/Src/stm32l4xx_hal_spi.o
 .debug_abbrev  0x000013c5      0x226 Drivers/STM32L4xx_HAL_Driver/Src/stm32l4xx_hal_tim.o
 .debug_abbrev  0x000015eb      0x237 Drivers/STM32L4xx_HAL_Driver/Src/stm32l4xx_hal_tim_ex.o
 .debug_abbrev  0x00001822      0x207 Src/accl.o
 .debug_abbrev  0x00001a29      0x1e0 Src/gyro.o
 .debug_abbrev  0x00001c09      0x311 Src/main.o
 .debug_abbrev  0x00001f1a      0x1fb Src/stm32l4xx_hal_msp.o
 .debug_abbrev  0x00002115      0x100 Src/stm32l4xx_it.o
 .debug_abbrev  0x00002215      0x150 Src/system_stm32l4xx.o
 .debug_abbrev  0x00002365       0x12 startup/startup_stm32l476xx.o

.debug_loc      0x00000000     0xc494
 .debug_loc     0x00000000      0x1f1 Drivers/STM32L4xx_HAL_Driver/Src/stm32l4xx_hal.o
 .debug_loc     0x000001f1      0x5ce Drivers/STM32L4xx_HAL_Driver/Src/stm32l4xx_hal_cortex.o
 .debug_loc     0x000007bf      0x791 Drivers/STM32L4xx_HAL_Driver/Src/stm32l4xx_hal_dac.o
 .debug_loc     0x00000f50      0x2d3 Drivers/STM32L4xx_HAL_Driver/Src/stm32l4xx_hal_gpio.o
 .debug_loc     0x00001223      0x960 Drivers/STM32L4xx_HAL_Driver/Src/stm32l4xx_hal_pwr_ex.o
 .debug_loc     0x00001b83      0x63a Drivers/STM32L4xx_HAL_Driver/Src/stm32l4xx_hal_rcc.o
 .debug_loc     0x000021bd     0x1c00 Drivers/STM32L4xx_HAL_Driver/Src/stm32l4xx_hal_rcc_ex.o
 .debug_loc     0x00003dbd     0x13b6 Drivers/STM32L4xx_HAL_Driver/Src/stm32l4xx_hal_sai.o
 .debug_loc     0x00005173     0x1a4c Drivers/STM32L4xx_HAL_Driver/Src/stm32l4xx_hal_spi.o
 .debug_loc     0x00006bbf     0x3b2d Drivers/STM32L4xx_HAL_Driver/Src/stm32l4xx_hal_tim.o
 .debug_loc     0x0000a6ec     0x1947 Drivers/STM32L4xx_HAL_Driver/Src/stm32l4xx_hal_tim_ex.o
 .debug_loc     0x0000c033       0xc9 Src/accl.o
 .debug_loc     0x0000c0fc       0x9d Src/gyro.o
 .debug_loc     0x0000c199      0x143 Src/stm32l4xx_hal_msp.o
 .debug_loc     0x0000c2dc      0x1b8 Src/system_stm32l4xx.o

.debug_aranges  0x00000000      0xfb8
 .debug_aranges
                0x00000000      0x130 Drivers/STM32L4xx_HAL_Driver/Src/stm32l4xx_hal.o
 .debug_aranges
                0x00000130       0xa8 Drivers/STM32L4xx_HAL_Driver/Src/stm32l4xx_hal_cortex.o
 .debug_aranges
                0x000001d8       0xc0 Drivers/STM32L4xx_HAL_Driver/Src/stm32l4xx_hal_dac.o
 .debug_aranges
                0x00000298       0x58 Drivers/STM32L4xx_HAL_Driver/Src/stm32l4xx_hal_gpio.o
 .debug_aranges
                0x000002f0      0x148 Drivers/STM32L4xx_HAL_Driver/Src/stm32l4xx_hal_pwr_ex.o
 .debug_aranges
                0x00000438       0x88 Drivers/STM32L4xx_HAL_Driver/Src/stm32l4xx_hal_rcc.o
 .debug_aranges
                0x000004c0       0xc0 Drivers/STM32L4xx_HAL_Driver/Src/stm32l4xx_hal_rcc_ex.o
 .debug_aranges
                0x00000580      0x178 Drivers/STM32L4xx_HAL_Driver/Src/stm32l4xx_hal_sai.o
 .debug_aranges
                0x000006f8      0x1d8 Drivers/STM32L4xx_HAL_Driver/Src/stm32l4xx_hal_spi.o
 .debug_aranges
                0x000008d0      0x3b8 Drivers/STM32L4xx_HAL_Driver/Src/stm32l4xx_hal_tim.o
 .debug_aranges
                0x00000c88      0x168 Drivers/STM32L4xx_HAL_Driver/Src/stm32l4xx_hal_tim_ex.o
 .debug_aranges
                0x00000df0       0x38 Src/accl.o
 .debug_aranges
                0x00000e28       0x28 Src/gyro.o
 .debug_aranges
                0x00000e50       0x58 Src/main.o
 .debug_aranges
                0x00000ea8       0x60 Src/stm32l4xx_hal_msp.o
 .debug_aranges
                0x00000f08       0x60 Src/stm32l4xx_it.o
 .debug_aranges
                0x00000f68       0x28 Src/system_stm32l4xx.o
 .debug_aranges
                0x00000f90       0x28 startup/startup_stm32l476xx.o

.debug_ranges   0x00000000      0xf50
 .debug_ranges  0x00000000      0x120 Drivers/STM32L4xx_HAL_Driver/Src/stm32l4xx_hal.o
 .debug_ranges  0x00000120       0xf8 Drivers/STM32L4xx_HAL_Driver/Src/stm32l4xx_hal_cortex.o
 .debug_ranges  0x00000218       0xb0 Drivers/STM32L4xx_HAL_Driver/Src/stm32l4xx_hal_dac.o
 .debug_ranges  0x000002c8       0x48 Drivers/STM32L4xx_HAL_Driver/Src/stm32l4xx_hal_gpio.o
 .debug_ranges  0x00000310      0x138 Drivers/STM32L4xx_HAL_Driver/Src/stm32l4xx_hal_pwr_ex.o
 .debug_ranges  0x00000448       0x90 Drivers/STM32L4xx_HAL_Driver/Src/stm32l4xx_hal_rcc.o
 .debug_ranges  0x000004d8       0xd0 Drivers/STM32L4xx_HAL_Driver/Src/stm32l4xx_hal_rcc_ex.o
 .debug_ranges  0x000005a8      0x180 Drivers/STM32L4xx_HAL_Driver/Src/stm32l4xx_hal_sai.o
 .debug_ranges  0x00000728      0x1c8 Drivers/STM32L4xx_HAL_Driver/Src/stm32l4xx_hal_spi.o
 .debug_ranges  0x000008f0      0x3a8 Drivers/STM32L4xx_HAL_Driver/Src/stm32l4xx_hal_tim.o
 .debug_ranges  0x00000c98      0x158 Drivers/STM32L4xx_HAL_Driver/Src/stm32l4xx_hal_tim_ex.o
 .debug_ranges  0x00000df0       0x28 Src/accl.o
 .debug_ranges  0x00000e18       0x18 Src/gyro.o
 .debug_ranges  0x00000e30       0x48 Src/main.o
 .debug_ranges  0x00000e78       0x50 Src/stm32l4xx_hal_msp.o
 .debug_ranges  0x00000ec8       0x50 Src/stm32l4xx_it.o
 .debug_ranges  0x00000f18       0x18 Src/system_stm32l4xx.o
 .debug_ranges  0x00000f30       0x20 startup/startup_stm32l476xx.o

.debug_macro    0x00000000    0x276b4
 .debug_macro   0x00000000      0x256 Drivers/STM32L4xx_HAL_Driver/Src/stm32l4xx_hal.o
 .debug_macro   0x00000256      0xa60 Drivers/STM32L4xx_HAL_Driver/Src/stm32l4xx_hal.o
 .debug_macro   0x00000cb6       0xcc Drivers/STM32L4xx_HAL_Driver/Src/stm32l4xx_hal.o
 .debug_macro   0x00000d82       0x2e Drivers/STM32L4xx_HAL_Driver/Src/stm32l4xx_hal.o
 .debug_macro   0x00000db0       0x28 Drivers/STM32L4xx_HAL_Driver/Src/stm32l4xx_hal.o
 .debug_macro   0x00000dd8       0x22 Drivers/STM32L4xx_HAL_Driver/Src/stm32l4xx_hal.o
 .debug_macro   0x00000dfa       0x8e Drivers/STM32L4xx_HAL_Driver/Src/stm32l4xx_hal.o
 .debug_macro   0x00000e88       0x51 Drivers/STM32L4xx_HAL_Driver/Src/stm32l4xx_hal.o
 .debug_macro   0x00000ed9       0xef Drivers/STM32L4xx_HAL_Driver/Src/stm32l4xx_hal.o
 .debug_macro   0x00000fc8       0x6a Drivers/STM32L4xx_HAL_Driver/Src/stm32l4xx_hal.o
 .debug_macro   0x00001032      0x1df Drivers/STM32L4xx_HAL_Driver/Src/stm32l4xx_hal.o
 .debug_macro   0x00001211       0x1c Drivers/STM32L4xx_HAL_Driver/Src/stm32l4xx_hal.o
 .debug_macro   0x0000122d       0x22 Drivers/STM32L4xx_HAL_Driver/Src/stm32l4xx_hal.o
 .debug_macro   0x0000124f       0xdf Drivers/STM32L4xx_HAL_Driver/Src/stm32l4xx_hal.o
 .debug_macro   0x0000132e     0x102d Drivers/STM32L4xx_HAL_Driver/Src/stm32l4xx_hal.o
 .debug_macro   0x0000235b      0x11f Drivers/STM32L4xx_HAL_Driver/Src/stm32l4xx_hal.o
 .debug_macro   0x0000247a    0x1a11f Drivers/STM32L4xx_HAL_Driver/Src/stm32l4xx_hal.o
 .debug_macro   0x0001c599       0x43 Drivers/STM32L4xx_HAL_Driver/Src/stm32l4xx_hal.o
 .debug_macro   0x0001c5dc     0x3820 Drivers/STM32L4xx_HAL_Driver/Src/stm32l4xx_hal.o
 .debug_macro   0x0001fdfc      0x174 Drivers/STM32L4xx_HAL_Driver/Src/stm32l4xx_hal.o
 .debug_macro   0x0001ff70       0x4e Drivers/STM32L4xx_HAL_Driver/Src/stm32l4xx_hal.o
 .debug_macro   0x0001ffbe     0x155f Drivers/STM32L4xx_HAL_Driver/Src/stm32l4xx_hal.o
 .debug_macro   0x0002151d      0x59e Drivers/STM32L4xx_HAL_Driver/Src/stm32l4xx_hal.o
 .debug_macro   0x00021abb      0x241 Drivers/STM32L4xx_HAL_Driver/Src/stm32l4xx_hal.o
 .debug_macro   0x00021cfc      0x13d Drivers/STM32L4xx_HAL_Driver/Src/stm32l4xx_hal.o
 .debug_macro   0x00021e39      0x18b Drivers/STM32L4xx_HAL_Driver/Src/stm32l4xx_hal.o
 .debug_macro   0x00021fc4      0x26b Drivers/STM32L4xx_HAL_Driver/Src/stm32l4xx_hal.o
 .debug_macro   0x0002222f      0x236 Drivers/STM32L4xx_HAL_Driver/Src/stm32l4xx_hal.o
 .debug_macro   0x00022465      0x153 Drivers/STM32L4xx_HAL_Driver/Src/stm32l4xx_hal.o
 .debug_macro   0x000225b8       0xd8 Drivers/STM32L4xx_HAL_Driver/Src/stm32l4xx_hal.o
 .debug_macro   0x00022690      0x36e Drivers/STM32L4xx_HAL_Driver/Src/stm32l4xx_hal.o
 .debug_macro   0x000229fe       0xe4 Drivers/STM32L4xx_HAL_Driver/Src/stm32l4xx_hal.o
 .debug_macro   0x00022ae2      0x22c Drivers/STM32L4xx_HAL_Driver/Src/stm32l4xx_hal.o
 .debug_macro   0x00022d0e       0x5e Drivers/STM32L4xx_HAL_Driver/Src/stm32l4xx_hal.o
 .debug_macro   0x00022d6c       0xa5 Drivers/STM32L4xx_HAL_Driver/Src/stm32l4xx_hal.o
 .debug_macro   0x00022e11      0x122 Drivers/STM32L4xx_HAL_Driver/Src/stm32l4xx_hal.o
 .debug_macro   0x00022f33      0x3d4 Drivers/STM32L4xx_HAL_Driver/Src/stm32l4xx_hal.o
 .debug_macro   0x00023307      0x447 Drivers/STM32L4xx_HAL_Driver/Src/stm32l4xx_hal.o
 .debug_macro   0x0002374e      0x2fe Drivers/STM32L4xx_HAL_Driver/Src/stm32l4xx_hal.o
 .debug_macro   0x00023a4c      0x9f7 Drivers/STM32L4xx_HAL_Driver/Src/stm32l4xx_hal.o
 .debug_macro   0x00024443      0x1e7 Drivers/STM32L4xx_HAL_Driver/Src/stm32l4xx_hal.o
 .debug_macro   0x0002462a      0x349 Drivers/STM32L4xx_HAL_Driver/Src/stm32l4xx_hal.o
 .debug_macro   0x00024973      0x208 Drivers/STM32L4xx_HAL_Driver/Src/stm32l4xx_hal_cortex.o
 .debug_macro   0x00024b7b      0x217 Drivers/STM32L4xx_HAL_Driver/Src/stm32l4xx_hal_dac.o
 .debug_macro   0x00024d92      0x247 Drivers/STM32L4xx_HAL_Driver/Src/stm32l4xx_hal_gpio.o
 .debug_macro   0x00024fd9      0x22c Drivers/STM32L4xx_HAL_Driver/Src/stm32l4xx_hal_pwr_ex.o
 .debug_macro   0x00025205      0x24a Drivers/STM32L4xx_HAL_Driver/Src/stm32l4xx_hal_rcc.o
 .debug_macro   0x0002544f      0x23e Drivers/STM32L4xx_HAL_Driver/Src/stm32l4xx_hal_rcc_ex.o
 .debug_macro   0x0002568d      0x217 Drivers/STM32L4xx_HAL_Driver/Src/stm32l4xx_hal_sai.o
 .debug_macro   0x000258a4      0x210 Drivers/STM32L4xx_HAL_Driver/Src/stm32l4xx_hal_spi.o
 .debug_macro   0x00025ab4      0x209 Drivers/STM32L4xx_HAL_Driver/Src/stm32l4xx_hal_tim.o
 .debug_macro   0x00025cbd      0x208 Drivers/STM32L4xx_HAL_Driver/Src/stm32l4xx_hal_tim_ex.o
 .debug_macro   0x00025ec5      0x220 Src/accl.o
 .debug_macro   0x000260e5       0x88 Src/accl.o
 .debug_macro   0x0002616d       0xe8 Src/accl.o
 .debug_macro   0x00026255      0x220 Src/gyro.o
 .debug_macro   0x00026475       0xdc Src/gyro.o
 .debug_macro   0x00026551      0x2cb Src/main.o
 .debug_macro   0x0002681c       0x5e Src/main.o
 .debug_macro   0x0002687a       0x18 Src/main.o
 .debug_macro   0x00026892       0x35 Src/main.o
 .debug_macro   0x000268c7       0x34 Src/main.o
 .debug_macro   0x000268fb       0x58 Src/main.o
 .debug_macro   0x00026953       0x1f Src/main.o
 .debug_macro   0x00026972       0x43 Src/main.o
 .debug_macro   0x000269b5       0x20 Src/main.o
 .debug_macro   0x000269d5      0x18e Src/main.o
 .debug_macro   0x00026b63      0x32a Src/main.o
 .debug_macro   0x00026e8d      0x1e1 Src/main.o
 .debug_macro   0x0002706e      0x217 Src/stm32l4xx_hal_msp.o
 .debug_macro   0x00027285      0x221 Src/stm32l4xx_it.o
 .debug_macro   0x000274a6      0x20e Src/system_stm32l4xx.o

.debug_line     0x00000000     0xca98
 .debug_line    0x00000000      0xa2a Drivers/STM32L4xx_HAL_Driver/Src/stm32l4xx_hal.o
 .debug_line    0x00000a2a      0x9d7 Drivers/STM32L4xx_HAL_Driver/Src/stm32l4xx_hal_cortex.o
 .debug_line    0x00001401      0xa15 Drivers/STM32L4xx_HAL_Driver/Src/stm32l4xx_hal_dac.o
 .debug_line    0x00001e16      0x903 Drivers/STM32L4xx_HAL_Driver/Src/stm32l4xx_hal_gpio.o
 .debug_line    0x00002719      0xbde Drivers/STM32L4xx_HAL_Driver/Src/stm32l4xx_hal_pwr_ex.o
 .debug_line    0x000032f7      0xb1b Drivers/STM32L4xx_HAL_Driver/Src/stm32l4xx_hal_rcc.o
 .debug_line    0x00003e12      0xd7f Drivers/STM32L4xx_HAL_Driver/Src/stm32l4xx_hal_rcc_ex.o
 .debug_line    0x00004b91      0xff9 Drivers/STM32L4xx_HAL_Driver/Src/stm32l4xx_hal_sai.o
 .debug_line    0x00005b8a     0x12c1 Drivers/STM32L4xx_HAL_Driver/Src/stm32l4xx_hal_spi.o
 .debug_line    0x00006e4b     0x1b8a Drivers/STM32L4xx_HAL_Driver/Src/stm32l4xx_hal_tim.o
 .debug_line    0x000089d5      0xebf Drivers/STM32L4xx_HAL_Driver/Src/stm32l4xx_hal_tim_ex.o
 .debug_line    0x00009894      0x819 Src/accl.o
 .debug_line    0x0000a0ad      0x7c4 Src/gyro.o
 .debug_line    0x0000a871      0x988 Src/main.o
 .debug_line    0x0000b1f9      0x855 Src/stm32l4xx_hal_msp.o
 .debug_line    0x0000ba4e      0x812 Src/stm32l4xx_it.o
 .debug_line    0x0000c260      0x7ba Src/system_stm32l4xx.o
 .debug_line    0x0000ca1a       0x7e startup/startup_stm32l476xx.o

.debug_str      0x00000000    0xf2f4a
 .debug_str     0x00000000    0xeaf81 Drivers/STM32L4xx_HAL_Driver/Src/stm32l4xx_hal.o
                              0xeb3dc (size before relaxing)
 .debug_str     0x000eaf81      0x3a1 Drivers/STM32L4xx_HAL_Driver/Src/stm32l4xx_hal_cortex.o
                              0xeb0a7 (size before relaxing)
 .debug_str     0x000eb322      0x600 Drivers/STM32L4xx_HAL_Driver/Src/stm32l4xx_hal_dac.o
                              0xeace0 (size before relaxing)
 .debug_str     0x000eb922      0x2bf Drivers/STM32L4xx_HAL_Driver/Src/stm32l4xx_hal_gpio.o
                              0xeaad3 (size before relaxing)
 .debug_str     0x000ebbe1      0x49b Drivers/STM32L4xx_HAL_Driver/Src/stm32l4xx_hal_pwr_ex.o
                              0xead56 (size before relaxing)
 .debug_str     0x000ec07c      0x4c6 Drivers/STM32L4xx_HAL_Driver/Src/stm32l4xx_hal_rcc.o
                              0xeae57 (size before relaxing)
 .debug_str     0x000ec542      0x633 Drivers/STM32L4xx_HAL_Driver/Src/stm32l4xx_hal_rcc_ex.o
                              0xeb036 (size before relaxing)
 .debug_str     0x000ecb75      0x698 Drivers/STM32L4xx_HAL_Driver/Src/stm32l4xx_hal_sai.o
                              0xeaf93 (size before relaxing)
 .debug_str     0x000ed20d      0x727 Drivers/STM32L4xx_HAL_Driver/Src/stm32l4xx_hal_spi.o
                              0xeb022 (size before relaxing)
 .debug_str     0x000ed934      0xf96 Drivers/STM32L4xx_HAL_Driver/Src/stm32l4xx_hal_tim.o
                              0xeb93a (size before relaxing)
 .debug_str     0x000ee8ca      0x5de Drivers/STM32L4xx_HAL_Driver/Src/stm32l4xx_hal_tim_ex.o
                              0xeb25a (size before relaxing)
 .debug_str     0x000eeea8      0x69d Src/accl.o
                              0xeb0fa (size before relaxing)
 .debug_str     0x000ef545      0x3dd Src/gyro.o
                              0xeb085 (size before relaxing)
 .debug_str     0x000ef922     0x34c0 Src/main.o
                              0xef7a4 (size before relaxing)
 .debug_str     0x000f2de2       0x31 Src/stm32l4xx_hal_msp.o
                              0xeb44f (size before relaxing)
 .debug_str     0x000f2e13       0xb8 Src/stm32l4xx_it.o
                              0xea91b (size before relaxing)
 .debug_str     0x000f2ecb       0x50 Src/system_stm32l4xx.o
                              0xea84f (size before relaxing)
 .debug_str     0x000f2f1b       0x2f startup/startup_stm32l476xx.o
                                 0x69 (size before relaxing)

.comment        0x00000000       0x7f
 .comment       0x00000000       0x7f Drivers/STM32L4xx_HAL_Driver/Src/stm32l4xx_hal.o
                                 0x80 (size before relaxing)
 .comment       0x0000007f       0x80 Drivers/STM32L4xx_HAL_Driver/Src/stm32l4xx_hal_cortex.o
 .comment       0x0000007f       0x80 Drivers/STM32L4xx_HAL_Driver/Src/stm32l4xx_hal_dac.o
 .comment       0x0000007f       0x80 Drivers/STM32L4xx_HAL_Driver/Src/stm32l4xx_hal_gpio.o
 .comment       0x0000007f       0x80 Drivers/STM32L4xx_HAL_Driver/Src/stm32l4xx_hal_pwr_ex.o
 .comment       0x0000007f       0x80 Drivers/STM32L4xx_HAL_Driver/Src/stm32l4xx_hal_rcc.o
 .comment       0x0000007f       0x80 Drivers/STM32L4xx_HAL_Driver/Src/stm32l4xx_hal_rcc_ex.o
 .comment       0x0000007f       0x80 Drivers/STM32L4xx_HAL_Driver/Src/stm32l4xx_hal_sai.o
 .comment       0x0000007f       0x80 Drivers/STM32L4xx_HAL_Driver/Src/stm32l4xx_hal_spi.o
 .comment       0x0000007f       0x80 Drivers/STM32L4xx_HAL_Driver/Src/stm32l4xx_hal_tim.o
 .comment       0x0000007f       0x80 Drivers/STM32L4xx_HAL_Driver/Src/stm32l4xx_hal_tim_ex.o
 .comment       0x0000007f       0x80 Src/accl.o
 .comment       0x0000007f       0x80 Src/gyro.o
 .comment       0x0000007f       0x80 Src/main.o
 .comment       0x0000007f       0x80 Src/stm32l4xx_hal_msp.o
 .comment       0x0000007f       0x80 Src/stm32l4xx_it.o
 .comment       0x0000007f       0x80 Src/system_stm32l4xx.o

.debug_frame    0x00000000     0x2cec
 .debug_frame   0x00000000      0x278 Drivers/STM32L4xx_HAL_Driver/Src/stm32l4xx_hal.o
 .debug_frame   0x00000278      0x15c Drivers/STM32L4xx_HAL_Driver/Src/stm32l4xx_hal_cortex.o
 .debug_frame   0x000003d4      0x1f8 Drivers/STM32L4xx_HAL_Driver/Src/stm32l4xx_hal_dac.o
 .debug_frame   0x000005cc       0xd8 Drivers/STM32L4xx_HAL_Driver/Src/stm32l4xx_hal_gpio.o
 .debug_frame   0x000006a4      0x278 Drivers/STM32L4xx_HAL_Driver/Src/stm32l4xx_hal_pwr_ex.o
 .debug_frame   0x0000091c      0x18c Drivers/STM32L4xx_HAL_Driver/Src/stm32l4xx_hal_rcc.o
 .debug_frame   0x00000aa8      0x204 Drivers/STM32L4xx_HAL_Driver/Src/stm32l4xx_hal_rcc_ex.o
 .debug_frame   0x00000cac      0x418 Drivers/STM32L4xx_HAL_Driver/Src/stm32l4xx_hal_sai.o
 .debug_frame   0x000010c4      0x5b8 Drivers/STM32L4xx_HAL_Driver/Src/stm32l4xx_hal_spi.o
 .debug_frame   0x0000167c      0xac0 Drivers/STM32L4xx_HAL_Driver/Src/stm32l4xx_hal_tim.o
 .debug_frame   0x0000213c      0x420 Drivers/STM32L4xx_HAL_Driver/Src/stm32l4xx_hal_tim_ex.o
 .debug_frame   0x0000255c       0xa4 Src/accl.o
 .debug_frame   0x00002600       0x5c Src/gyro.o
 .debug_frame   0x0000265c       0xfc Src/main.o
 .debug_frame   0x00002758       0xf4 Src/stm32l4xx_hal_msp.o
 .debug_frame   0x0000284c       0xa8 Src/stm32l4xx_it.o
 .debug_frame   0x000028f4       0x30 Src/system_stm32l4xx.o
 .debug_frame   0x00002924       0x20 d:/ac6/systemworkbench/plugins/fr.ac6.mcu.externaltools.arm-none.win32_1.17.0.201812190825/tools/compiler/bin/../lib/gcc/arm-none-eabi/7.3.1/../../../../arm-none-eabi/lib/thumb/v7e-m/fpv4-sp/hard\libm.a(lib_a-w_atan2.o)
 .debug_frame   0x00002944       0x4c d:/ac6/systemworkbench/plugins/fr.ac6.mcu.externaltools.arm-none.win32_1.17.0.201812190825/tools/compiler/bin/../lib/gcc/arm-none-eabi/7.3.1/../../../../arm-none-eabi/lib/thumb/v7e-m/fpv4-sp/hard\libm.a(lib_a-w_sqrt.o)
 .debug_frame   0x00002990       0x44 d:/ac6/systemworkbench/plugins/fr.ac6.mcu.externaltools.arm-none.win32_1.17.0.201812190825/tools/compiler/bin/../lib/gcc/arm-none-eabi/7.3.1/../../../../arm-none-eabi/lib/thumb/v7e-m/fpv4-sp/hard\libm.a(lib_a-e_atan2.o)
 .debug_frame   0x000029d4       0x30 d:/ac6/systemworkbench/plugins/fr.ac6.mcu.externaltools.arm-none.win32_1.17.0.201812190825/tools/compiler/bin/../lib/gcc/arm-none-eabi/7.3.1/../../../../arm-none-eabi/lib/thumb/v7e-m/fpv4-sp/hard\libm.a(lib_a-e_sqrt.o)
 .debug_frame   0x00002a04       0x38 d:/ac6/systemworkbench/plugins/fr.ac6.mcu.externaltools.arm-none.win32_1.17.0.201812190825/tools/compiler/bin/../lib/gcc/arm-none-eabi/7.3.1/../../../../arm-none-eabi/lib/thumb/v7e-m/fpv4-sp/hard\libm.a(lib_a-s_atan.o)
 .debug_frame   0x00002a3c       0x20 d:/ac6/systemworkbench/plugins/fr.ac6.mcu.externaltools.arm-none.win32_1.17.0.201812190825/tools/compiler/bin/../lib/gcc/arm-none-eabi/7.3.1/../../../../arm-none-eabi/lib/thumb/v7e-m/fpv4-sp/hard\libm.a(lib_a-s_fabs.o)
 .debug_frame   0x00002a5c       0x20 d:/ac6/systemworkbench/plugins/fr.ac6.mcu.externaltools.arm-none.win32_1.17.0.201812190825/tools/compiler/bin/../lib/gcc/arm-none-eabi/7.3.1/../../../../arm-none-eabi/lib/thumb/v7e-m/fpv4-sp/hard\libm.a(lib_a-s_matherr.o)
 .debug_frame   0x00002a7c       0xac d:/ac6/systemworkbench/plugins/fr.ac6.mcu.externaltools.arm-none.win32_1.17.0.201812190825/tools/compiler/bin/../lib/gcc/arm-none-eabi/7.3.1/thumb/v7e-m/fpv4-sp/hard\libgcc.a(_arm_addsubdf3.o)
 .debug_frame   0x00002b28       0x50 d:/ac6/systemworkbench/plugins/fr.ac6.mcu.externaltools.arm-none.win32_1.17.0.201812190825/tools/compiler/bin/../lib/gcc/arm-none-eabi/7.3.1/thumb/v7e-m/fpv4-sp/hard\libgcc.a(_arm_muldivdf3.o)
 .debug_frame   0x00002b78       0xc4 d:/ac6/systemworkbench/plugins/fr.ac6.mcu.externaltools.arm-none.win32_1.17.0.201812190825/tools/compiler/bin/../lib/gcc/arm-none-eabi/7.3.1/thumb/v7e-m/fpv4-sp/hard\libgcc.a(_arm_cmpdf2.o)
 .debug_frame   0x00002c3c       0x20 d:/ac6/systemworkbench/plugins/fr.ac6.mcu.externaltools.arm-none.win32_1.17.0.201812190825/tools/compiler/bin/../lib/gcc/arm-none-eabi/7.3.1/thumb/v7e-m/fpv4-sp/hard\libgcc.a(_arm_unorddf2.o)
 .debug_frame   0x00002c5c       0x24 d:/ac6/systemworkbench/plugins/fr.ac6.mcu.externaltools.arm-none.win32_1.17.0.201812190825/tools/compiler/bin/../lib/gcc/arm-none-eabi/7.3.1/thumb/v7e-m/fpv4-sp/hard\libgcc.a(_arm_truncdfsf2.o)
 .debug_frame   0x00002c80       0x20 d:/ac6/systemworkbench/plugins/fr.ac6.mcu.externaltools.arm-none.win32_1.17.0.201812190825/tools/compiler/bin/../lib/gcc/arm-none-eabi/7.3.1/../../../../arm-none-eabi/lib/thumb/v7e-m/fpv4-sp/hard\libc_nano.a(lib_a-errno.o)
 .debug_frame   0x00002ca0       0x2c d:/ac6/systemworkbench/plugins/fr.ac6.mcu.externaltools.arm-none.win32_1.17.0.201812190825/tools/compiler/bin/../lib/gcc/arm-none-eabi/7.3.1/../../../../arm-none-eabi/lib/thumb/v7e-m/fpv4-sp/hard\libc_nano.a(lib_a-init.o)
 .debug_frame   0x00002ccc       0x20 d:/ac6/systemworkbench/plugins/fr.ac6.mcu.externaltools.arm-none.win32_1.17.0.201812190825/tools/compiler/bin/../lib/gcc/arm-none-eabi/7.3.1/../../../../arm-none-eabi/lib/thumb/v7e-m/fpv4-sp/hard\libc_nano.a(lib_a-memset.o)
