Archive member included to satisfy reference by file (symbol)

d:/ac6/systemworkbench/plugins/fr.ac6.mcu.externaltools.arm-none.win32_1.17.0.201812190825/tools/compiler/bin/../lib/gcc/arm-none-eabi/7.3.1/../../../../arm-none-eabi/lib/thumb/v7e-m/fpv4-sp/hard\libc_nano.a(lib_a-errno.o)
                              Src/syscalls.o (__errno)
d:/ac6/systemworkbench/plugins/fr.ac6.mcu.externaltools.arm-none.win32_1.17.0.201812190825/tools/compiler/bin/../lib/gcc/arm-none-eabi/7.3.1/../../../../arm-none-eabi/lib/thumb/v7e-m/fpv4-sp/hard\libc_nano.a(lib_a-exit.o)
                              d:/ac6/systemworkbench/plugins/fr.ac6.mcu.externaltools.arm-none.win32_1.17.0.201812190825/tools/compiler/bin/../lib/gcc/arm-none-eabi/7.3.1/../../../../arm-none-eabi/lib/thumb/v7e-m/fpv4-sp/hard/crt0.o (exit)
d:/ac6/systemworkbench/plugins/fr.ac6.mcu.externaltools.arm-none.win32_1.17.0.201812190825/tools/compiler/bin/../lib/gcc/arm-none-eabi/7.3.1/../../../../arm-none-eabi/lib/thumb/v7e-m/fpv4-sp/hard\libc_nano.a(lib_a-impure.o)
                              d:/ac6/systemworkbench/plugins/fr.ac6.mcu.externaltools.arm-none.win32_1.17.0.201812190825/tools/compiler/bin/../lib/gcc/arm-none-eabi/7.3.1/../../../../arm-none-eabi/lib/thumb/v7e-m/fpv4-sp/hard\libc_nano.a(lib_a-exit.o) (_global_impure_ptr)
d:/ac6/systemworkbench/plugins/fr.ac6.mcu.externaltools.arm-none.win32_1.17.0.201812190825/tools/compiler/bin/../lib/gcc/arm-none-eabi/7.3.1/../../../../arm-none-eabi/lib/thumb/v7e-m/fpv4-sp/hard\libc_nano.a(lib_a-init.o)
                              d:/ac6/systemworkbench/plugins/fr.ac6.mcu.externaltools.arm-none.win32_1.17.0.201812190825/tools/compiler/bin/../lib/gcc/arm-none-eabi/7.3.1/../../../../arm-none-eabi/lib/thumb/v7e-m/fpv4-sp/hard/crt0.o (__libc_init_array)
d:/ac6/systemworkbench/plugins/fr.ac6.mcu.externaltools.arm-none.win32_1.17.0.201812190825/tools/compiler/bin/../lib/gcc/arm-none-eabi/7.3.1/../../../../arm-none-eabi/lib/thumb/v7e-m/fpv4-sp/hard\libc_nano.a(lib_a-memset.o)
                              d:/ac6/systemworkbench/plugins/fr.ac6.mcu.externaltools.arm-none.win32_1.17.0.201812190825/tools/compiler/bin/../lib/gcc/arm-none-eabi/7.3.1/../../../../arm-none-eabi/lib/thumb/v7e-m/fpv4-sp/hard/crt0.o (memset)

Allocating common symbols
Common symbol       size              file

hspi2               0x64              Src/main.o
os_a                0x6               Src/main.o
hdac1               0x14              Src/main.o
g                   0x4               Src/main.o
uwTick              0x4               Drivers/STM32L4xx_HAL_Driver/Src/stm32l4xx_hal.o
os_m                0x6               Src/main.o
hsai_BlockA1        0x84              Src/main.o
a                   0x4               Src/main.o
m                   0x4               Src/main.o
os_g                0x6               Src/main.o

Discarded input sections

 .text          0x00000000        0x0 d:/ac6/systemworkbench/plugins/fr.ac6.mcu.externaltools.arm-none.win32_1.17.0.201812190825/tools/compiler/bin/../lib/gcc/arm-none-eabi/7.3.1/thumb/v7e-m/fpv4-sp/hard/crti.o
 .data          0x00000000        0x0 d:/ac6/systemworkbench/plugins/fr.ac6.mcu.externaltools.arm-none.win32_1.17.0.201812190825/tools/compiler/bin/../lib/gcc/arm-none-eabi/7.3.1/thumb/v7e-m/fpv4-sp/hard/crti.o
 .bss           0x00000000        0x0 d:/ac6/systemworkbench/plugins/fr.ac6.mcu.externaltools.arm-none.win32_1.17.0.201812190825/tools/compiler/bin/../lib/gcc/arm-none-eabi/7.3.1/thumb/v7e-m/fpv4-sp/hard/crti.o
 .data          0x00000000        0x4 d:/ac6/systemworkbench/plugins/fr.ac6.mcu.externaltools.arm-none.win32_1.17.0.201812190825/tools/compiler/bin/../lib/gcc/arm-none-eabi/7.3.1/thumb/v7e-m/fpv4-sp/hard/crtbegin.o
 .text          0x00000000       0x74 d:/ac6/systemworkbench/plugins/fr.ac6.mcu.externaltools.arm-none.win32_1.17.0.201812190825/tools/compiler/bin/../lib/gcc/arm-none-eabi/7.3.1/../../../../arm-none-eabi/lib/thumb/v7e-m/fpv4-sp/hard/crt0.o
 .data          0x00000000        0x0 d:/ac6/systemworkbench/plugins/fr.ac6.mcu.externaltools.arm-none.win32_1.17.0.201812190825/tools/compiler/bin/../lib/gcc/arm-none-eabi/7.3.1/../../../../arm-none-eabi/lib/thumb/v7e-m/fpv4-sp/hard/crt0.o
 .bss           0x00000000        0x0 d:/ac6/systemworkbench/plugins/fr.ac6.mcu.externaltools.arm-none.win32_1.17.0.201812190825/tools/compiler/bin/../lib/gcc/arm-none-eabi/7.3.1/../../../../arm-none-eabi/lib/thumb/v7e-m/fpv4-sp/hard/crt0.o
 .ARM.extab     0x00000000        0x0 d:/ac6/systemworkbench/plugins/fr.ac6.mcu.externaltools.arm-none.win32_1.17.0.201812190825/tools/compiler/bin/../lib/gcc/arm-none-eabi/7.3.1/../../../../arm-none-eabi/lib/thumb/v7e-m/fpv4-sp/hard/crt0.o
 .ARM.exidx     0x00000000        0x8 d:/ac6/systemworkbench/plugins/fr.ac6.mcu.externaltools.arm-none.win32_1.17.0.201812190825/tools/compiler/bin/../lib/gcc/arm-none-eabi/7.3.1/../../../../arm-none-eabi/lib/thumb/v7e-m/fpv4-sp/hard/crt0.o
 .ARM.attributes
[...]
Memory Configuration

Name             Origin             Length             Attributes
RAM              0x20000000         0x00018000         xrw
RAM2             0x10000000         0x00008000         xrw
FLASH            0x08000000         0x00100000         xr
*default*        0x00000000         0xffffffff

Linker script and memory map

LOAD d:/ac6/systemworkbench/plugins/fr.ac6.mcu.externaltools.arm-none.win32_1.17.0.201812190825/tools/compiler/bin/../lib/gcc/arm-none-eabi/7.3.1/thumb/v7e-m/fpv4-sp/hard/crti.o
LOAD d:/ac6/systemworkbench/plugins/fr.ac6.mcu.externaltools.arm-none.win32_1.17.0.201812190825/tools/compiler/bin/../lib/gcc/arm-none-eabi/7.3.1/thumb/v7e-m/fpv4-sp/hard/crtbegin.o
LOAD d:/ac6/systemworkbench/plugins/fr.ac6.mcu.externaltools.arm-none.win32_1.17.0.201812190825/tools/compiler/bin/../lib/gcc/arm-none-eabi/7.3.1/../../../../arm-none-eabi/lib/thumb/v7e-m/fpv4-sp/hard/crt0.o
LOAD Drivers/STM32L4xx_HAL_Driver/Src/stm32l4xx_hal.o
LOAD Drivers/STM32L4xx_HAL_Driver/Src/stm32l4xx_hal_cortex.o
LOAD Drivers/STM32L4xx_HAL_Driver/Src/stm32l4xx_hal_dac.o
LOAD Drivers/STM32L4xx_HAL_Driver/Src/stm32l4xx_hal_dac_ex.o
LOAD Drivers/STM32L4xx_HAL_Driver/Src/stm32l4xx_hal_dma.o
LOAD Drivers/STM32L4xx_HAL_Driver/Src/stm32l4xx_hal_dma_ex.o
LOAD Drivers/STM32L4xx_HAL_Driver/Src/stm32l4xx_hal_exti.o
LOAD Drivers/STM32L4xx_HAL_Driver/Src/stm32l4xx_hal_flash.o
LOAD Drivers/STM32L4xx_HAL_Driver/Src/stm32l4xx_hal_flash_ex.o
LOAD Drivers/STM32L4xx_HAL_Driver/Src/stm32l4xx_hal_flash_ramfunc.o
LOAD Drivers/STM32L4xx_HAL_Driver/Src/stm32l4xx_hal_gpio.o
LOAD Drivers/STM32L4xx_HAL_Driver/Src/stm32l4xx_hal_i2c.o
LOAD Drivers/STM32L4xx_HAL_Driver/Src/stm32l4xx_hal_i2c_ex.o
LOAD Drivers/STM32L4xx_HAL_Driver/Src/stm32l4xx_hal_pwr.o
LOAD Drivers/STM32L4xx_HAL_Driver/Src/stm32l4xx_hal_pwr_ex.o
LOAD Drivers/STM32L4xx_HAL_Driver/Src/stm32l4xx_hal_rcc.o
LOAD Drivers/STM32L4xx_HAL_Driver/Src/stm32l4xx_hal_rcc_ex.o
LOAD Drivers/STM32L4xx_HAL_Driver/Src/stm32l4xx_hal_sai.o
LOAD Drivers/STM32L4xx_HAL_Driver/Src/stm32l4xx_hal_sai_ex.o
LOAD Drivers/STM32L4xx_HAL_Driver/Src/stm32l4xx_hal_spi.o
LOAD Drivers/STM32L4xx_HAL_Driver/Src/stm32l4xx_hal_spi_ex.o
LOAD Drivers/STM32L4xx_HAL_Driver/Src/stm32l4xx_hal_tim.o
LOAD Drivers/STM32L4xx_HAL_Driver/Src/stm32l4xx_hal_tim_ex.o
LOAD Src/accl.o
LOAD Src/gyro.o
LOAD Src/main.o
LOAD Src/stm32l4xx_hal_msp.o
LOAD Src/stm32l4xx_it.o
LOAD Src/syscalls.o
LOAD Src/system_stm32l4xx.o
LOAD startup/startup_stm32l476xx.o
LOAD d:/ac6/systemworkbench/plugins/fr.ac6.mcu.externaltools.arm-none.win32_1.17.0.201812190825/tools/compiler/bin/../lib/gcc/arm-none-eabi/7.3.1/../../../../arm-none-eabi/lib/thumb/v7e-m/fpv4-sp/hard\libm.a
START GROUP
LOAD d:/ac6/systemworkbench/plugins/fr.ac6.mcu.externaltools.arm-none.win32_1.17.0.201812190825/tools/compiler/bin/../lib/gcc/arm-none-eabi/7.3.1/thumb/v7e-m/fpv4-sp/hard\libgcc.a
LOAD d:/ac6/systemworkbench/plugins/fr.ac6.mcu.externaltools.arm-none.win32_1.17.0.201812190825/tools/compiler/bin/../lib/gcc/arm-none-eabi/7.3.1/../../../../arm-none-eabi/lib/thumb/v7e-m/fpv4-sp/hard\libc_nano.a
END GROUP
START GROUP
LOAD d:/ac6/systemworkbench/plugins/fr.ac6.mcu.externaltools.arm-none.win32_1.17.0.201812190825/tools/compiler/bin/../lib/gcc/arm-none-eabi/7.3.1/thumb/v7e-m/fpv4-sp/hard\libgcc.a
LOAD d:/ac6/systemworkbench/plugins/fr.ac6.mcu.externaltools.arm-none.win32_1.17.0.201812190825/tools/compiler/bin/../lib/gcc/arm-none-eabi/7.3.1/../../../../arm-none-eabi/lib/thumb/v7e-m/fpv4-sp/hard\libc_nano.a
LOAD d:/ac6/systemworkbench/plugins/fr.ac6.mcu.externaltools.arm-none.win32_1.17.0.201812190825/tools/compiler/bin/../lib/gcc/arm-none-eabi/7.3.1/../../../../arm-none-eabi/lib/thumb/v7e-m/fpv4-sp/hard\libnosys.a
END GROUP
START GROUP
LOAD d:/ac6/systemworkbench/plugins/fr.ac6.mcu.externaltools.arm-none.win32_1.17.0.201812190825/tools/compiler/bin/../lib/gcc/arm-none-eabi/7.3.1/thumb/v7e-m/fpv4-sp/hard\libgcc.a
LOAD d:/ac6/systemworkbench/plugins/fr.ac6.mcu.externaltools.arm-none.win32_1.17.0.201812190825/tools/compiler/bin/../lib/gcc/arm-none-eabi/7.3.1/../../../../arm-none-eabi/lib/thumb/v7e-m/fpv4-sp/hard\libc_nano.a
LOAD d:/ac6/systemworkbench/plugins/fr.ac6.mcu.externaltools.arm-none.win32_1.17.0.201812190825/tools/compiler/bin/../lib/gcc/arm-none-eabi/7.3.1/../../../../arm-none-eabi/lib/thumb/v7e-m/fpv4-sp/hard\libnosys.a
END GROUP
LOAD d:/ac6/systemworkbench/plugins/fr.ac6.mcu.externaltools.arm-none.win32_1.17.0.201812190825/tools/compiler/bin/../lib/gcc/arm-none-eabi/7.3.1/thumb/v7e-m/fpv4-sp/hard/crtend.o
LOAD d:/ac6/systemworkbench/plugins/fr.ac6.mcu.externaltools.arm-none.win32_1.17.0.201812190825/tools/compiler/bin/../lib/gcc/arm-none-eabi/7.3.1/thumb/v7e-m/fpv4-sp/hard/crtn.o
                0x20018000                _estack = 0x20018000
                0x00000200                _Min_Heap_Size = 0x200
                0x00000400                _Min_Stack_Size = 0x400

.isr_vector     0x08000000      0x188
                0x08000000                . = ALIGN (0x8)
 *(.isr_vector)
 .isr_vector    0x08000000      0x188 startup/startup_stm32l476xx.o
                0x08000000                g_pfnVectors
                0x08000188                . = ALIGN (0x8)

.text           0x08000188     0x3408
                0x08000188                . = ALIGN (0x8)
 *(.text)
 .text          0x08000188       0x40 d:/ac6/systemworkbench/plugins/fr.ac6.mcu.externaltools.arm-none.win32_1.17.0.201812190825/tools/compiler/bin/../lib/gcc/arm-none-eabi/7.3.1/thumb/v7e-m/fpv4-sp/hard/crtbegin.o
 *(.text*)
 .text.HAL_InitTick
                0x080001c8       0x4c Drivers/STM32L4xx_HAL_Driver/Src/stm32l4xx_hal.o
                0x080001c8                HAL_InitTick
 .text.HAL_Init
                0x08000214       0x2c Drivers/STM32L4xx_HAL_Driver/Src/stm32l4xx_hal.o
                0x08000214                HAL_Init
 .text.HAL_IncTick
                0x08000240       0x18 Drivers/STM32L4xx_HAL_Driver/Src/stm32l4xx_hal.o
                0x08000240                HAL_IncTick
 .text.HAL_GetTick
                0x08000258        0xc Drivers/STM32L4xx_HAL_Driver/Src/stm32l4xx_hal.o
                0x08000258                HAL_GetTick
 .text.HAL_Delay
                0x08000264       0x28 Drivers/STM32L4xx_HAL_Driver/Src/stm32l4xx_hal.o
                0x08000264                HAL_Delay
 .text.HAL_NVIC_SetPriorityGrouping
                0x0800028c       0x24 Drivers/STM32L4xx_HAL_Driver/Src/stm32l4xx_hal_cortex.o
                0x0800028c                HAL_NVIC_SetPriorityGrouping
 .text.HAL_NVIC_SetPriority
                0x080002b0       0x68 Drivers/STM32L4xx_HAL_Driver/Src/stm32l4xx_hal_cortex.o
                0x080002b0                HAL_NVIC_SetPriority
 .text.HAL_SYSTICK_Config
                0x08000318       0x2c Drivers/STM32L4xx_HAL_Driver/Src/stm32l4xx_hal_cortex.o
                0x08000318                HAL_SYSTICK_Config
 .text.HAL_DAC_Init
                0x08000344       0x24 Drivers/STM32L4xx_HAL_Driver/Src/stm32l4xx_hal_dac.o
                0x08000344                HAL_DAC_Init
 .text.HAL_DAC_ConfigChannel
                0x08000368      0x136 Drivers/STM32L4xx_HAL_Driver/Src/stm32l4xx_hal_dac.o
                0x08000368                HAL_DAC_ConfigChannel
 *fill*         0x0800049e        0x2 
 .text.HAL_GPIO_Init
                0x080004a0      0x1d4 Drivers/STM32L4xx_HAL_Driver/Src/stm32l4xx_hal_gpio.o
                0x080004a0                HAL_GPIO_Init
 .text.HAL_GPIO_WritePin
                0x08000674        0xa Drivers/STM32L4xx_HAL_Driver/Src/stm32l4xx_hal_gpio.o
                0x08000674                HAL_GPIO_WritePin
 *fill*         0x0800067e        0x2 
 .text.HAL_PWREx_GetVoltageRange
                0x08000680       0x10 Drivers/STM32L4xx_HAL_Driver/Src/stm32l4xx_hal_pwr_ex.o
                0x08000680                HAL_PWREx_GetVoltageRange
 .text.HAL_PWREx_ControlVoltageScaling
                0x08000690       0x90 Drivers/STM32L4xx_HAL_Driver/Src/stm32l4xx_hal_pwr_ex.o
                0x08000690                HAL_PWREx_ControlVoltageScaling
 .text.RCC_SetFlashLatencyFromMSIRange
                0x08000720       0x90 Drivers/STM32L4xx_HAL_Driver/Src/stm32l4xx_hal_rcc.o
 .text.HAL_RCC_GetSysClockFreq
                0x080007b0       0xb4 Drivers/STM32L4xx_HAL_Driver/Src/stm32l4xx_hal_rcc.o
                0x080007b0                HAL_RCC_GetSysClockFreq
 .text.HAL_RCC_OscConfig
                0x08000864      0x5dc Drivers/STM32L4xx_HAL_Driver/Src/stm32l4xx_hal_rcc.o
                0x08000864                HAL_RCC_OscConfig
 .text.HAL_RCC_ClockConfig
                0x08000e40      0x158 Drivers/STM32L4xx_HAL_Driver/Src/stm32l4xx_hal_rcc.o
                0x08000e40                HAL_RCC_ClockConfig
 .text.HAL_RCC_GetHCLKFreq
                0x08000f98        0xc Drivers/STM32L4xx_HAL_Driver/Src/stm32l4xx_hal_rcc.o
                0x08000f98                HAL_RCC_GetHCLKFreq
 .text.HAL_RCC_GetPCLK1Freq
                0x08000fa4       0x24 Drivers/STM32L4xx_HAL_Driver/Src/stm32l4xx_hal_rcc.o
                0x08000fa4                HAL_RCC_GetPCLK1Freq
 .text.HAL_RCC_GetPCLK2Freq
                0x08000fc8       0x24 Drivers/STM32L4xx_HAL_Driver/Src/stm32l4xx_hal_rcc.o
                0x08000fc8                HAL_RCC_GetPCLK2Freq
 .text.RCCEx_GetSAIxPeriphCLKFreq
                0x08000fec      0x108 Drivers/STM32L4xx_HAL_Driver/Src/stm32l4xx_hal_rcc_ex.o
 .text.RCCEx_PLLSAI1_Config
                0x080010f4      0x170 Drivers/STM32L4xx_HAL_Driver/Src/stm32l4xx_hal_rcc_ex.o
 .text.RCCEx_PLLSAI2_Config
                0x08001264      0x14c Drivers/STM32L4xx_HAL_Driver/Src/stm32l4xx_hal_rcc_ex.o
 .text.HAL_RCCEx_PeriphCLKConfig
                0x080013b0      0x450 Drivers/STM32L4xx_HAL_Driver/Src/stm32l4xx_hal_rcc_ex.o
                0x080013b0                HAL_RCCEx_PeriphCLKConfig
 .text.HAL_RCCEx_GetPeriphCLKFreq
                0x08001800      0x748 Drivers/STM32L4xx_HAL_Driver/Src/stm32l4xx_hal_rcc_ex.o
                0x08001800                HAL_RCCEx_GetPeriphCLKFreq
 .text.SAI_Disable
                0x08001f48       0x44 Drivers/STM32L4xx_HAL_Driver/Src/stm32l4xx_hal_sai.o
 .text.HAL_SAI_Init
                0x08001f8c      0x1d4 Drivers/STM32L4xx_HAL_Driver/Src/stm32l4xx_hal_sai.o
                0x08001f8c                HAL_SAI_Init
 .text.SPI_WaitFlagStateUntilTimeout
                0x08002160       0x90 Drivers/STM32L4xx_HAL_Driver/Src/stm32l4xx_hal_spi.o
 .text.SPI_WaitFifoStateUntilTimeout
                0x080021f0       0x98 Drivers/STM32L4xx_HAL_Driver/Src/stm32l4xx_hal_spi.o
 .text.SPI_EndRxTxTransaction
                0x08002288       0x66 Drivers/STM32L4xx_HAL_Driver/Src/stm32l4xx_hal_spi.o
 .text.SPI_EndRxTransaction
                0x080022ee       0x88 Drivers/STM32L4xx_HAL_Driver/Src/stm32l4xx_hal_spi.o
 .text.HAL_SPI_Init
                0x08002376       0xb0 Drivers/STM32L4xx_HAL_Driver/Src/stm32l4xx_hal_spi.o
                0x08002376                HAL_SPI_Init
 .text.HAL_SPI_Transmit
                0x08002426      0x1dc Drivers/STM32L4xx_HAL_Driver/Src/stm32l4xx_hal_spi.o
                0x08002426                HAL_SPI_Transmit
 .text.HAL_SPI_TransmitReceive
                0x08002602      0x2ce Drivers/STM32L4xx_HAL_Driver/Src/stm32l4xx_hal_spi.o
                0x08002602                HAL_SPI_TransmitReceive
 .text.HAL_SPI_Receive
                0x080028d0      0x194 Drivers/STM32L4xx_HAL_Driver/Src/stm32l4xx_hal_spi.o
                0x080028d0                HAL_SPI_Receive
 .text.accl_Init
                0x08002a64      0x144 Src/accl.o
                0x08002a64                accl_Init
 .text.accl_Read
                0x08002ba8      0x14c Src/accl.o
                0x08002ba8                accl_Read
 .text.Gyro_Init
                0x08002cf4      0x180 Src/gyro.o
                0x08002cf4                Gyro_Init
 .text.Gyro_Read
                0x08002e74       0xc0 Src/gyro.o
                0x08002e74                Gyro_Read
 .text.MX_SPI2_Init
                0x08002f34       0x48 Src/main.o
 .text.MX_GPIO_Init
                0x08002f7c      0x11c Src/main.o
 .text.MX_SAI1_Init
                0x08003098       0x54 Src/main.o
 .text.MX_DAC1_Init
                0x080030ec       0x3c Src/main.o
 .text.SystemClock_Config
                0x08003128       0x9a Src/main.o
                0x08003128                SystemClock_Config
 *fill*         0x080031c2        0x2 
 .text.main     0x080031c4      0x150 Src/main.o
                0x080031c4                main
 .text.HAL_MspInit
                0x08003314       0x30 Src/stm32l4xx_hal_msp.o
                0x08003314                HAL_MspInit
 .text.HAL_DAC_MspInit
                0x08003344       0x60 Src/stm32l4xx_hal_msp.o
                0x08003344                HAL_DAC_MspInit
 .text.HAL_SPI_MspInit
                0x080033a4       0x68 Src/stm32l4xx_hal_msp.o
                0x080033a4                HAL_SPI_MspInit
 .text.HAL_SAI_MspInit
                0x0800340c       0x60 Src/stm32l4xx_hal_msp.o
                0x0800340c                HAL_SAI_MspInit
 .text.NMI_Handler
                0x0800346c        0x2 Src/stm32l4xx_it.o
                0x0800346c                NMI_Handler
 .text.HardFault_Handler
                0x0800346e        0x2 Src/stm32l4xx_it.o
                0x0800346e                HardFault_Handler
 .text.MemManage_Handler
                0x08003470        0x2 Src/stm32l4xx_it.o
                0x08003470                MemManage_Handler
 .text.BusFault_Handler
                0x08003472        0x2 Src/stm32l4xx_it.o
                0x08003472                BusFault_Handler
 .text.UsageFault_Handler
                0x08003474        0x2 Src/stm32l4xx_it.o
                0x08003474                UsageFault_Handler
 .text.SVC_Handler
                0x08003476        0x2 Src/stm32l4xx_it.o
                0x08003476                SVC_Handler
 .text.DebugMon_Handler
                0x08003478        0x2 Src/stm32l4xx_it.o
                0x08003478                DebugMon_Handler
 .text.PendSV_Handler
                0x0800347a        0x2 Src/stm32l4xx_it.o
                0x0800347a                PendSV_Handler
 .text.SysTick_Handler
                0x0800347c        0x8 Src/stm32l4xx_it.o
                0x0800347c                SysTick_Handler
 .text.SystemInit
                0x08003484       0x48 Src/system_stm32l4xx.o
                0x08003484                SystemInit
 .text.Reset_Handler
                0x080034cc       0x50 startup/startup_stm32l476xx.o
                0x080034cc                Reset_Handler
 .text.Default_Handler
                0x0800351c        0x2 startup/startup_stm32l476xx.o
                0x0800351c                RTC_Alarm_IRQHandler
                0x0800351c                EXTI2_IRQHandler
                0x0800351c                TIM8_TRG_COM_IRQHandler
                0x0800351c                TIM8_CC_IRQHandler
                0x0800351c                TIM1_CC_IRQHandler
                0x0800351c                TSC_IRQHandler
                0x0800351c                TAMP_STAMP_IRQHandler
                0x0800351c                EXTI3_IRQHandler
                0x0800351c                LPTIM2_IRQHandler
                0x0800351c                DFSDM1_FLT1_IRQHandler
                0x0800351c                I2C3_ER_IRQHandler
                0x0800351c                DFSDM1_FLT2_IRQHandler
                0x0800351c                EXTI0_IRQHandler
                0x0800351c                I2C2_EV_IRQHandler
                0x0800351c                CAN1_RX0_IRQHandler
                0x0800351c                FPU_IRQHandler
                0x0800351c                TIM1_UP_TIM16_IRQHandler
                0x0800351c                ADC1_2_IRQHandler
                0x0800351c                SPI1_IRQHandler
                0x0800351c                TIM6_DAC_IRQHandler
                0x0800351c                TIM8_UP_IRQHandler
                0x0800351c                DMA2_Channel2_IRQHandler
                0x0800351c                DMA1_Channel4_IRQHandler
                0x0800351c                SAI2_IRQHandler
                0x0800351c                DFSDM1_FLT3_IRQHandler
                0x0800351c                USART3_IRQHandler
                0x0800351c                DMA1_Channel7_IRQHandler
                0x0800351c                CAN1_RX1_IRQHandler
                0x0800351c                LCD_IRQHandler
                0x0800351c                UART5_IRQHandler
                0x0800351c                ADC3_IRQHandler
                0x0800351c                TIM4_IRQHandler
                0x0800351c                DMA2_Channel1_IRQHandler
                0x0800351c                QUADSPI_IRQHandler
                0x0800351c                I2C1_EV_IRQHandler
                0x0800351c                DMA1_Channel6_IRQHandler
                0x0800351c                UART4_IRQHandler
                0x0800351c                DMA2_Channel4_IRQHandler
                0x0800351c                TIM3_IRQHandler
                0x0800351c                RCC_IRQHandler
                0x0800351c                DMA1_Channel1_IRQHandler
                0x0800351c                Default_Handler
                0x0800351c                DMA2_Channel7_IRQHandler
                0x0800351c                EXTI15_10_IRQHandler
                0x0800351c                TIM7_IRQHandler
                0x0800351c                SDMMC1_IRQHandler
                0x0800351c                TIM5_IRQHandler
                0x0800351c                I2C3_EV_IRQHandler
                0x0800351c                EXTI9_5_IRQHandler
                0x0800351c                RTC_WKUP_IRQHandler
                0x0800351c                PVD_PVM_IRQHandler
                0x0800351c                SPI2_IRQHandler
                0x0800351c                CAN1_TX_IRQHandler
                0x0800351c                DMA2_Channel5_IRQHandler
                0x0800351c                DMA1_Channel5_IRQHandler
                0x0800351c                EXTI4_IRQHandler
                0x0800351c                RNG_IRQHandler
                0x0800351c                TIM1_TRG_COM_TIM17_IRQHandler
                0x0800351c                DMA1_Channel3_IRQHandler
                0x0800351c                COMP_IRQHandler
                0x0800351c                WWDG_IRQHandler
                0x0800351c                LPUART1_IRQHandler
                0x0800351c                DMA2_Channel6_IRQHandler
                0x0800351c                TIM2_IRQHandler
                0x0800351c                EXTI1_IRQHandler
                0x0800351c                USART2_IRQHandler
                0x0800351c                DFSDM1_FLT0_IRQHandler
                0x0800351c                I2C2_ER_IRQHandler
                0x0800351c                DMA1_Channel2_IRQHandler
                0x0800351c                TIM8_BRK_IRQHandler
                0x0800351c                CAN1_SCE_IRQHandler
                0x0800351c                FLASH_IRQHandler
                0x0800351c                USART1_IRQHandler
                0x0800351c                OTG_FS_IRQHandler
                0x0800351c                SPI3_IRQHandler
                0x0800351c                I2C1_ER_IRQHandler
                0x0800351c                FMC_IRQHandler
                0x0800351c                SWPMI1_IRQHandler
                0x0800351c                LPTIM1_IRQHandler
                0x0800351c                SAI1_IRQHandler
                0x0800351c                DMA2_Channel3_IRQHandler
                0x0800351c                TIM1_BRK_TIM15_IRQHandler
 *fill*         0x0800351e        0x2 
 .text.__libc_init_array
                0x08003520       0x48 d:/ac6/systemworkbench/plugins/fr.ac6.mcu.externaltools.arm-none.win32_1.17.0.201812190825/tools/compiler/bin/../lib/gcc/arm-none-eabi/7.3.1/../../../../arm-none-eabi/lib/thumb/v7e-m/fpv4-sp/hard\libc_nano.a(lib_a-init.o)
                0x08003520                __libc_init_array
 .text.memset   0x08003568       0x10 d:/ac6/systemworkbench/plugins/fr.ac6.mcu.externaltools.arm-none.win32_1.17.0.201812190825/tools/compiler/bin/../lib/gcc/arm-none-eabi/7.3.1/../../../../arm-none-eabi/lib/thumb/v7e-m/fpv4-sp/hard\libc_nano.a(lib_a-memset.o)
                0x08003568                memset
 *(.glue_7)
 .glue_7        0x08003578        0x0 linker stubs
 *(.glue_7t)
 .glue_7t       0x08003578        0x0 linker stubs
 *(.eh_frame)
 .eh_frame      0x08003578        0x0 d:/ac6/systemworkbench/plugins/fr.ac6.mcu.externaltools.arm-none.win32_1.17.0.201812190825/tools/compiler/bin/../lib/gcc/arm-none-eabi/7.3.1/thumb/v7e-m/fpv4-sp/hard/crtbegin.o
 *(.init)
 .init          0x08003578        0x4 d:/ac6/systemworkbench/plugins/fr.ac6.mcu.externaltools.arm-none.win32_1.17.0.201812190825/tools/compiler/bin/../lib/gcc/arm-none-eabi/7.3.1/thumb/v7e-m/fpv4-sp/hard/crti.o
                0x08003578                _init
 .init          0x0800357c        0x8 d:/ac6/systemworkbench/plugins/fr.ac6.mcu.externaltools.arm-none.win32_1.17.0.201812190825/tools/compiler/bin/../lib/gcc/arm-none-eabi/7.3.1/thumb/v7e-m/fpv4-sp/hard/crtn.o
 *(.fini)
 .fini          0x08003584        0x4 d:/ac6/systemworkbench/plugins/fr.ac6.mcu.externaltools.arm-none.win32_1.17.0.201812190825/tools/compiler/bin/../lib/gcc/arm-none-eabi/7.3.1/thumb/v7e-m/fpv4-sp/hard/crti.o
                0x08003584                _fini
 .fini          0x08003588        0x8 d:/ac6/systemworkbench/plugins/fr.ac6.mcu.externaltools.arm-none.win32_1.17.0.201812190825/tools/compiler/bin/../lib/gcc/arm-none-eabi/7.3.1/thumb/v7e-m/fpv4-sp/hard/crtn.o
                0x08003590                . = ALIGN (0x8)
                0x08003590                _etext = .

.vfp11_veneer   0x08003590        0x0
 .vfp11_veneer  0x08003590        0x0 linker stubs

.v4_bx          0x08003590        0x0
 .v4_bx         0x08003590        0x0 linker stubs

.iplt           0x08003590        0x0
 .iplt          0x08003590        0x0 d:/ac6/systemworkbench/plugins/fr.ac6.mcu.externaltools.arm-none.win32_1.17.0.201812190825/tools/compiler/bin/../lib/gcc/arm-none-eabi/7.3.1/thumb/v7e-m/fpv4-sp/hard/crtbegin.o

.rodata         0x08003590       0x48
                0x08003590                . = ALIGN (0x8)
 *(.rodata)
 .rodata        0x08003590       0x48 Src/system_stm32l4xx.o
                0x08003590                MSIRangeTable
                0x080035c0                AHBPrescTable
                0x080035d0                APBPrescTable
 *(.rodata*)
                0x080035d8                . = ALIGN (0x8)

.rel.dyn        0x080035d8        0x0
 .rel.iplt      0x080035d8        0x0 d:/ac6/systemworkbench/plugins/fr.ac6.mcu.externaltools.arm-none.win32_1.17.0.201812190825/tools/compiler/bin/../lib/gcc/arm-none-eabi/7.3.1/thumb/v7e-m/fpv4-sp/hard/crtbegin.o

.ARM.extab      0x080035d8        0x0
                0x080035d8                . = ALIGN (0x8)
 *(.ARM.extab* .gnu.linkonce.armextab.*)
                0x080035d8                . = ALIGN (0x8)

.ARM            0x080035d8        0x0
                0x080035d8                . = ALIGN (0x8)
                0x080035d8                __exidx_start = .
 *(.ARM.exidx*)
                0x080035d8                __exidx_end = .
                0x080035d8                . = ALIGN (0x8)

.preinit_array  0x080035d8        0x0
                0x080035d8                . = ALIGN (0x8)
                0x080035d8                PROVIDE (__preinit_array_start = .)
 *(.preinit_array*)
                0x080035d8                PROVIDE (__preinit_array_end = .)
                0x080035d8                . = ALIGN (0x8)

.init_array     0x080035d8        0x8
                0x080035d8                . = ALIGN (0x8)
                0x080035d8                PROVIDE (__init_array_start = .)
 *(SORT_BY_NAME(.init_array.*))
 *(.init_array*)
 .init_array    0x080035d8        0x4 d:/ac6/systemworkbench/plugins/fr.ac6.mcu.externaltools.arm-none.win32_1.17.0.201812190825/tools/compiler/bin/../lib/gcc/arm-none-eabi/7.3.1/thumb/v7e-m/fpv4-sp/hard/crtbegin.o
                0x080035dc                PROVIDE (__init_array_end = .)
                0x080035e0                . = ALIGN (0x8)
 *fill*         0x080035dc        0x4 

.fini_array     0x080035e0        0x8
                0x080035e0                . = ALIGN (0x8)
                [!provide]                PROVIDE (__fini_array_start = .)
 *(SORT_BY_NAME(.fini_array.*))
 *(.fini_array*)
 .fini_array    0x080035e0        0x4 d:/ac6/systemworkbench/plugins/fr.ac6.mcu.externaltools.arm-none.win32_1.17.0.201812190825/tools/compiler/bin/../lib/gcc/arm-none-eabi/7.3.1/thumb/v7e-m/fpv4-sp/hard/crtbegin.o
                [!provide]                PROVIDE (__fini_array_end = .)
                0x080035e8                . = ALIGN (0x8)
 *fill*         0x080035e4        0x4 
                0x080035e8                _sidata = LOADADDR (.data)

.data           0x20000000       0x10 load address 0x080035e8
                0x20000000                . = ALIGN (0x8)
                0x20000000                _sdata = .
 *(.data)
 .data          0x20000000        0x8 Drivers/STM32L4xx_HAL_Driver/Src/stm32l4xx_hal.o
                0x20000000                uwTickFreq
                0x20000004                uwTickPrio
 .data          0x20000008        0x4 Src/system_stm32l4xx.o
                0x20000008                SystemCoreClock
 *(.data*)
                0x20000010                . = ALIGN (0x8)
 *fill*         0x2000000c        0x4 
                0x20000010                _edata = .

.igot.plt       0x20000010        0x0 load address 0x080035f8
 .igot.plt      0x20000010        0x0 d:/ac6/systemworkbench/plugins/fr.ac6.mcu.externaltools.arm-none.win32_1.17.0.201812190825/tools/compiler/bin/../lib/gcc/arm-none-eabi/7.3.1/thumb/v7e-m/fpv4-sp/hard/crtbegin.o
                0x20000010                . = ALIGN (0x4)

.bss            0x20000010      0x198 load address 0x080035f8
                0x20000010                _sbss = .
                0x20000010                __bss_start__ = _sbss
 *(.bss)
 .bss           0x20000010       0x1c d:/ac6/systemworkbench/plugins/fr.ac6.mcu.externaltools.arm-none.win32_1.17.0.201812190825/tools/compiler/bin/../lib/gcc/arm-none-eabi/7.3.1/thumb/v7e-m/fpv4-sp/hard/crtbegin.o
 .bss           0x2000002c       0x54 Src/main.o
                0x2000002c                avg_cnt
                0x20000030                gyro_sum
                0x2000003c                accl_sum
                0x20000048                gyro_avg
                0x20000050                accl_avg
                0x20000058                gyro_read
                0x20000060                gyro_pos
                0x2000006c                accl_read
                0x20000074                accl_pos
 .bss           0x20000080        0x4 Src/stm32l4xx_hal_msp.o
 *(.bss*)
 *(COMMON)
 COMMON         0x20000084        0x4 Drivers/STM32L4xx_HAL_Driver/Src/stm32l4xx_hal.o
                0x20000084                uwTick
 COMMON         0x20000088      0x11e Src/main.o
                0x20000088                hspi2
                0x200000ec                os_a
                0x200000f4                hdac1
                0x20000108                g
                0x2000010c                os_m
                0x20000114                hsai_BlockA1
                0x20000198                a
                0x2000019c                m
                0x200001a0                os_g
                0x200001a8                . = ALIGN (0x4)
 *fill*         0x200001a6        0x2 
                0x200001a8                _ebss = .
                0x200001a8                __bss_end__ = _ebss

._user_heap_stack
                0x200001a8      0x600 load address 0x080035f8
                0x200001a8                . = ALIGN (0x8)
                0x200001a8                PROVIDE (end = .)
                [!provide]                PROVIDE (_end = .)
                0x200003a8                . = (. + _Min_Heap_Size)
 *fill*         0x200001a8      0x200 
                0x200007a8                . = (. + _Min_Stack_Size)
 *fill*         0x200003a8      0x400 
                0x200007a8                . = ALIGN (0x8)

/DISCARD/
 libc.a(*)
 libm.a(*)
 libgcc.a(*)

.ARM.attributes
                0x00000000       0x30
 *(.ARM.attributes)
 .ARM.attributes
                0x00000000       0x22 d:/ac6/systemworkbench/plugins/fr.ac6.mcu.externaltools.arm-none.win32_1.17.0.201812190825/tools/compiler/bin/../lib/gcc/arm-none-eabi/7.3.1/thumb/v7e-m/fpv4-sp/hard/crti.o
 .ARM.attributes
                0x00000022       0x34 d:/ac6/systemworkbench/plugins/fr.ac6.mcu.externaltools.arm-none.win32_1.17.0.201812190825/tools/compiler/bin/../lib/gcc/arm-none-eabi/7.3.1/thumb/v7e-m/fpv4-sp/hard/crtbegin.o
 .ARM.attributes
                0x00000056       0x39 Drivers/STM32L4xx_HAL_Driver/Src/stm32l4xx_hal.o
 .ARM.attributes
                0x0000008f       0x39 Drivers/STM32L4xx_HAL_Driver/Src/stm32l4xx_hal_cortex.o
 .ARM.attributes
                0x000000c8       0x39 Drivers/STM32L4xx_HAL_Driver/Src/stm32l4xx_hal_dac.o
 .ARM.attributes
                0x00000101       0x39 Drivers/STM32L4xx_HAL_Driver/Src/stm32l4xx_hal_gpio.o
 .ARM.attributes
                0x0000013a       0x39 Drivers/STM32L4xx_HAL_Driver/Src/stm32l4xx_hal_pwr_ex.o
 .ARM.attributes
                0x00000173       0x39 Drivers/STM32L4xx_HAL_Driver/Src/stm32l4xx_hal_rcc.o
 .ARM.attributes
                0x000001ac       0x39 Drivers/STM32L4xx_HAL_Driver/Src/stm32l4xx_hal_rcc_ex.o
 .ARM.attributes
                0x000001e5       0x39 Drivers/STM32L4xx_HAL_Driver/Src/stm32l4xx_hal_sai.o
 .ARM.attributes
                0x0000021e       0x39 Drivers/STM32L4xx_HAL_Driver/Src/stm32l4xx_hal_spi.o
 .ARM.attributes
                0x00000257       0x39 Src/accl.o
 .ARM.attributes
                0x00000290       0x39 Src/gyro.o
 .ARM.attributes
                0x000002c9       0x39 Src/main.o
 .ARM.attributes
                0x00000302       0x39 Src/stm32l4xx_hal_msp.o
 .ARM.attributes
                0x0000033b       0x39 Src/stm32l4xx_it.o
 .ARM.attributes
                0x00000374       0x39 Src/system_stm32l4xx.o
 .ARM.attributes
                0x000003ad       0x21 startup/startup_stm32l476xx.o
 .ARM.attributes
                0x000003ce       0x34 d:/ac6/systemworkbench/plugins/fr.ac6.mcu.externaltools.arm-none.win32_1.17.0.201812190825/tools/compiler/bin/../lib/gcc/arm-none-eabi/7.3.1/../../../../arm-none-eabi/lib/thumb/v7e-m/fpv4-sp/hard\libc_nano.a(lib_a-init.o)
 .ARM.attributes
                0x00000402       0x34 d:/ac6/systemworkbench/plugins/fr.ac6.mcu.externaltools.arm-none.win32_1.17.0.201812190825/tools/compiler/bin/../lib/gcc/arm-none-eabi/7.3.1/../../../../arm-none-eabi/lib/thumb/v7e-m/fpv4-sp/hard\libc_nano.a(lib_a-memset.o)
 .ARM.attributes
                0x00000436       0x22 d:/ac6/systemworkbench/plugins/fr.ac6.mcu.externaltools.arm-none.win32_1.17.0.201812190825/tools/compiler/bin/../lib/gcc/arm-none-eabi/7.3.1/thumb/v7e-m/fpv4-sp/hard/crtn.o
OUTPUT(th.elf elf32-littlearm)

.debug_info     0x00000000     0xed6d
 .debug_info    0x00000000      0xdb0 Drivers/STM32L4xx_HAL_Driver/Src/stm32l4xx_hal.o
 .debug_info    0x00000db0     0x10a0 Drivers/STM32L4xx_HAL_Driver/Src/stm32l4xx_hal_cortex.o
 .debug_info    0x00001e50      0xcee Drivers/STM32L4xx_HAL_Driver/Src/stm32l4xx_hal_dac.o
 .debug_info    0x00002b3e      0x989 Drivers/STM32L4xx_HAL_Driver/Src/stm32l4xx_hal_gpio.o
 .debug_info    0x000034c7      0xb27 Drivers/STM32L4xx_HAL_Driver/Src/stm32l4xx_hal_pwr_ex.o
 .debug_info    0x00003fee      0xf2a Drivers/STM32L4xx_HAL_Driver/Src/stm32l4xx_hal_rcc.o
 .debug_info    0x00004f18     0x12a3 Drivers/STM32L4xx_HAL_Driver/Src/stm32l4xx_hal_rcc_ex.o
 .debug_info    0x000061bb     0x17fa Drivers/STM32L4xx_HAL_Driver/Src/stm32l4xx_hal_sai.o
 .debug_info    0x000079b5     0x1f36 Drivers/STM32L4xx_HAL_Driver/Src/stm32l4xx_hal_spi.o
 .debug_info    0x000098eb     0x1214 Src/accl.o
 .debug_info    0x0000aaff      0xce2 Src/gyro.o
 .debug_info    0x0000b7e1     0x19d3 Src/main.o
 .debug_info    0x0000d1b4     0x1169 Src/stm32l4xx_hal_msp.o
 .debug_info    0x0000e31d      0x332 Src/stm32l4xx_it.o
 .debug_info    0x0000e64f      0x6fc Src/system_stm32l4xx.o
 .debug_info    0x0000ed4b       0x22 startup/startup_stm32l476xx.o

.debug_abbrev   0x00000000     0x1e1a
 .debug_abbrev  0x00000000      0x209 Drivers/STM32L4xx_HAL_Driver/Src/stm32l4xx_hal.o
 .debug_abbrev  0x00000209      0x328 Drivers/STM32L4xx_HAL_Driver/Src/stm32l4xx_hal_cortex.o
 .debug_abbrev  0x00000531      0x1eb Drivers/STM32L4xx_HAL_Driver/Src/stm32l4xx_hal_dac.o
 .debug_abbrev  0x0000071c      0x1de Drivers/STM32L4xx_HAL_Driver/Src/stm32l4xx_hal_gpio.o
 .debug_abbrev  0x000008fa      0x1de Drivers/STM32L4xx_HAL_Driver/Src/stm32l4xx_hal_pwr_ex.o
 .debug_abbrev  0x00000ad8      0x21f Drivers/STM32L4xx_HAL_Driver/Src/stm32l4xx_hal_rcc.o
 .debug_abbrev  0x00000cf7      0x24c Drivers/STM32L4xx_HAL_Driver/Src/stm32l4xx_hal_rcc_ex.o
 .debug_abbrev  0x00000f43      0x24a Drivers/STM32L4xx_HAL_Driver/Src/stm32l4xx_hal_sai.o
 .debug_abbrev  0x0000118d      0x238 Drivers/STM32L4xx_HAL_Driver/Src/stm32l4xx_hal_spi.o
 .debug_abbrev  0x000013c5      0x207 Src/accl.o
 .debug_abbrev  0x000015cc      0x1e0 Src/gyro.o
 .debug_abbrev  0x000017ac      0x269 Src/main.o
 .debug_abbrev  0x00001a15      0x1a3 Src/stm32l4xx_hal_msp.o
 .debug_abbrev  0x00001bb8      0x100 Src/stm32l4xx_it.o
 .debug_abbrev  0x00001cb8      0x150 Src/system_stm32l4xx.o
 .debug_abbrev  0x00001e08       0x12 startup/startup_stm32l476xx.o

.debug_loc      0x00000000     0x705b
 .debug_loc     0x00000000      0x1f1 Drivers/STM32L4xx_HAL_Driver/Src/stm32l4xx_hal.o
 .debug_loc     0x000001f1      0x5ce Drivers/STM32L4xx_HAL_Driver/Src/stm32l4xx_hal_cortex.o
 .debug_loc     0x000007bf      0x791 Drivers/STM32L4xx_HAL_Driver/Src/stm32l4xx_hal_dac.o
 .debug_loc     0x00000f50      0x2d3 Drivers/STM32L4xx_HAL_Driver/Src/stm32l4xx_hal_gpio.o
 .debug_loc     0x00001223      0x960 Drivers/STM32L4xx_HAL_Driver/Src/stm32l4xx_hal_pwr_ex.o
 .debug_loc     0x00001b83      0x63a Drivers/STM32L4xx_HAL_Driver/Src/stm32l4xx_hal_rcc.o
 .debug_loc     0x000021bd     0x1c00 Drivers/STM32L4xx_HAL_Driver/Src/stm32l4xx_hal_rcc_ex.o
 .debug_loc     0x00003dbd     0x13b6 Drivers/STM32L4xx_HAL_Driver/Src/stm32l4xx_hal_sai.o
 .debug_loc     0x00005173     0x1a4c Drivers/STM32L4xx_HAL_Driver/Src/stm32l4xx_hal_spi.o
 .debug_loc     0x00006bbf      0x104 Src/accl.o
 .debug_loc     0x00006cc3       0x9d Src/gyro.o
 .debug_loc     0x00006d60      0x143 Src/stm32l4xx_hal_msp.o
 .debug_loc     0x00006ea3      0x1b8 Src/system_stm32l4xx.o

.debug_aranges  0x00000000      0xa80
 .debug_aranges
                0x00000000      0x130 Drivers/STM32L4xx_HAL_Driver/Src/stm32l4xx_hal.o
 .debug_aranges
                0x00000130       0xa8 Drivers/STM32L4xx_HAL_Driver/Src/stm32l4xx_hal_cortex.o
 .debug_aranges
                0x000001d8       0xc0 Drivers/STM32L4xx_HAL_Driver/Src/stm32l4xx_hal_dac.o
 .debug_aranges
                0x00000298       0x58 Drivers/STM32L4xx_HAL_Driver/Src/stm32l4xx_hal_gpio.o
 .debug_aranges
                0x000002f0      0x148 Drivers/STM32L4xx_HAL_Driver/Src/stm32l4xx_hal_pwr_ex.o
 .debug_aranges
                0x00000438       0x88 Drivers/STM32L4xx_HAL_Driver/Src/stm32l4xx_hal_rcc.o
 .debug_aranges
                0x000004c0       0xc0 Drivers/STM32L4xx_HAL_Driver/Src/stm32l4xx_hal_rcc_ex.o
 .debug_aranges
                0x00000580      0x178 Drivers/STM32L4xx_HAL_Driver/Src/stm32l4xx_hal_sai.o
 .debug_aranges
                0x000006f8      0x1d8 Drivers/STM32L4xx_HAL_Driver/Src/stm32l4xx_hal_spi.o
 .debug_aranges
                0x000008d0       0x38 Src/accl.o
 .debug_aranges
                0x00000908       0x28 Src/gyro.o
 .debug_aranges
                0x00000930       0x50 Src/main.o
 .debug_aranges
                0x00000980       0x50 Src/stm32l4xx_hal_msp.o
 .debug_aranges
                0x000009d0       0x60 Src/stm32l4xx_it.o
 .debug_aranges
                0x00000a30       0x28 Src/system_stm32l4xx.o
 .debug_aranges
                0x00000a58       0x28 startup/startup_stm32l476xx.o

.debug_ranges   0x00000000      0xa38
 .debug_ranges  0x00000000      0x120 Drivers/STM32L4xx_HAL_Driver/Src/stm32l4xx_hal.o
 .debug_ranges  0x00000120       0xf8 Drivers/STM32L4xx_HAL_Driver/Src/stm32l4xx_hal_cortex.o
 .debug_ranges  0x00000218       0xb0 Drivers/STM32L4xx_HAL_Driver/Src/stm32l4xx_hal_dac.o
 .debug_ranges  0x000002c8       0x48 Drivers/STM32L4xx_HAL_Driver/Src/stm32l4xx_hal_gpio.o
 .debug_ranges  0x00000310      0x138 Drivers/STM32L4xx_HAL_Driver/Src/stm32l4xx_hal_pwr_ex.o
 .debug_ranges  0x00000448       0x90 Drivers/STM32L4xx_HAL_Driver/Src/stm32l4xx_hal_rcc.o
 .debug_ranges  0x000004d8       0xd0 Drivers/STM32L4xx_HAL_Driver/Src/stm32l4xx_hal_rcc_ex.o
 .debug_ranges  0x000005a8      0x180 Drivers/STM32L4xx_HAL_Driver/Src/stm32l4xx_hal_sai.o
 .debug_ranges  0x00000728      0x1c8 Drivers/STM32L4xx_HAL_Driver/Src/stm32l4xx_hal_spi.o
 .debug_ranges  0x000008f0       0x28 Src/accl.o
 .debug_ranges  0x00000918       0x18 Src/gyro.o
 .debug_ranges  0x00000930       0x40 Src/main.o
 .debug_ranges  0x00000970       0x40 Src/stm32l4xx_hal_msp.o
 .debug_ranges  0x000009b0       0x50 Src/stm32l4xx_it.o
 .debug_ranges  0x00000a00       0x18 Src/system_stm32l4xx.o
 .debug_ranges  0x00000a18       0x20 startup/startup_stm32l476xx.o

.debug_macro    0x00000000    0x25ca3
 .debug_macro   0x00000000      0x242 Drivers/STM32L4xx_HAL_Driver/Src/stm32l4xx_hal.o
 .debug_macro   0x00000242      0xa60 Drivers/STM32L4xx_HAL_Driver/Src/stm32l4xx_hal.o
 .debug_macro   0x00000ca2       0xc6 Drivers/STM32L4xx_HAL_Driver/Src/stm32l4xx_hal.o
 .debug_macro   0x00000d68       0x2e Drivers/STM32L4xx_HAL_Driver/Src/stm32l4xx_hal.o
 .debug_macro   0x00000d96       0x28 Drivers/STM32L4xx_HAL_Driver/Src/stm32l4xx_hal.o
 .debug_macro   0x00000dbe       0x22 Drivers/STM32L4xx_HAL_Driver/Src/stm32l4xx_hal.o
 .debug_macro   0x00000de0       0x8e Drivers/STM32L4xx_HAL_Driver/Src/stm32l4xx_hal.o
 .debug_macro   0x00000e6e       0x51 Drivers/STM32L4xx_HAL_Driver/Src/stm32l4xx_hal.o
 .debug_macro   0x00000ebf       0xef Drivers/STM32L4xx_HAL_Driver/Src/stm32l4xx_hal.o
 .debug_macro   0x00000fae       0x6a Drivers/STM32L4xx_HAL_Driver/Src/stm32l4xx_hal.o
 .debug_macro   0x00001018      0x1df Drivers/STM32L4xx_HAL_Driver/Src/stm32l4xx_hal.o
 .debug_macro   0x000011f7       0x1c Drivers/STM32L4xx_HAL_Driver/Src/stm32l4xx_hal.o
 .debug_macro   0x00001213       0x22 Drivers/STM32L4xx_HAL_Driver/Src/stm32l4xx_hal.o
 .debug_macro   0x00001235       0xdf Drivers/STM32L4xx_HAL_Driver/Src/stm32l4xx_hal.o
 .debug_macro   0x00001314     0x102d Drivers/STM32L4xx_HAL_Driver/Src/stm32l4xx_hal.o
 .debug_macro   0x00002341      0x11f Drivers/STM32L4xx_HAL_Driver/Src/stm32l4xx_hal.o
 .debug_macro   0x00002460    0x1a11f Drivers/STM32L4xx_HAL_Driver/Src/stm32l4xx_hal.o
 .debug_macro   0x0001c57f       0x43 Drivers/STM32L4xx_HAL_Driver/Src/stm32l4xx_hal.o
 .debug_macro   0x0001c5c2     0x3820 Drivers/STM32L4xx_HAL_Driver/Src/stm32l4xx_hal.o
 .debug_macro   0x0001fde2      0x174 Drivers/STM32L4xx_HAL_Driver/Src/stm32l4xx_hal.o
 .debug_macro   0x0001ff56       0x4e Drivers/STM32L4xx_HAL_Driver/Src/stm32l4xx_hal.o
 .debug_macro   0x0001ffa4     0x155f Drivers/STM32L4xx_HAL_Driver/Src/stm32l4xx_hal.o
 .debug_macro   0x00021503      0x59e Drivers/STM32L4xx_HAL_Driver/Src/stm32l4xx_hal.o
 .debug_macro   0x00021aa1      0x241 Drivers/STM32L4xx_HAL_Driver/Src/stm32l4xx_hal.o
 .debug_macro   0x00021ce2      0x13d Drivers/STM32L4xx_HAL_Driver/Src/stm32l4xx_hal.o
 .debug_macro   0x00021e1f      0x18b Drivers/STM32L4xx_HAL_Driver/Src/stm32l4xx_hal.o
 .debug_macro   0x00021faa      0x26b Drivers/STM32L4xx_HAL_Driver/Src/stm32l4xx_hal.o
 .debug_macro   0x00022215      0x236 Drivers/STM32L4xx_HAL_Driver/Src/stm32l4xx_hal.o
 .debug_macro   0x0002244b      0x153 Drivers/STM32L4xx_HAL_Driver/Src/stm32l4xx_hal.o
 .debug_macro   0x0002259e       0xd8 Drivers/STM32L4xx_HAL_Driver/Src/stm32l4xx_hal.o
 .debug_macro   0x00022676      0x36e Drivers/STM32L4xx_HAL_Driver/Src/stm32l4xx_hal.o
 .debug_macro   0x000229e4       0xe4 Drivers/STM32L4xx_HAL_Driver/Src/stm32l4xx_hal.o
 .debug_macro   0x00022ac8      0x22c Drivers/STM32L4xx_HAL_Driver/Src/stm32l4xx_hal.o
 .debug_macro   0x00022cf4       0x5e Drivers/STM32L4xx_HAL_Driver/Src/stm32l4xx_hal.o
 .debug_macro   0x00022d52       0xa5 Drivers/STM32L4xx_HAL_Driver/Src/stm32l4xx_hal.o
 .debug_macro   0x00022df7      0x122 Drivers/STM32L4xx_HAL_Driver/Src/stm32l4xx_hal.o
 .debug_macro   0x00022f19      0x3d4 Drivers/STM32L4xx_HAL_Driver/Src/stm32l4xx_hal.o
 .debug_macro   0x000232ed      0x447 Drivers/STM32L4xx_HAL_Driver/Src/stm32l4xx_hal.o
 .debug_macro   0x00023734      0x2fe Drivers/STM32L4xx_HAL_Driver/Src/stm32l4xx_hal.o
 .debug_macro   0x00023a32      0x349 Drivers/STM32L4xx_HAL_Driver/Src/stm32l4xx_hal.o
 .debug_macro   0x00023d7b      0x1f4 Drivers/STM32L4xx_HAL_Driver/Src/stm32l4xx_hal_cortex.o
 .debug_macro   0x00023f6f      0x203 Drivers/STM32L4xx_HAL_Driver/Src/stm32l4xx_hal_dac.o
 .debug_macro   0x00024172      0x233 Drivers/STM32L4xx_HAL_Driver/Src/stm32l4xx_hal_gpio.o
 .debug_macro   0x000243a5      0x218 Drivers/STM32L4xx_HAL_Driver/Src/stm32l4xx_hal_pwr_ex.o
 .debug_macro   0x000245bd      0x236 Drivers/STM32L4xx_HAL_Driver/Src/stm32l4xx_hal_rcc.o
 .debug_macro   0x000247f3      0x22a Drivers/STM32L4xx_HAL_Driver/Src/stm32l4xx_hal_rcc_ex.o
 .debug_macro   0x00024a1d      0x203 Drivers/STM32L4xx_HAL_Driver/Src/stm32l4xx_hal_sai.o
 .debug_macro   0x00024c20      0x1fc Drivers/STM32L4xx_HAL_Driver/Src/stm32l4xx_hal_spi.o
 .debug_macro   0x00024e1c      0x20c Src/accl.o
 .debug_macro   0x00025028       0x88 Src/accl.o
 .debug_macro   0x000250b0       0xe8 Src/accl.o
 .debug_macro   0x00025198      0x20c Src/gyro.o
 .debug_macro   0x000253a4       0xdc Src/gyro.o
 .debug_macro   0x00025480      0x219 Src/main.o
 .debug_macro   0x00025699      0x203 Src/stm32l4xx_hal_msp.o
 .debug_macro   0x0002589c      0x20d Src/stm32l4xx_it.o
 .debug_macro   0x00025aa9      0x1fa Src/system_stm32l4xx.o

.debug_line     0x00000000     0x9c5b
 .debug_line    0x00000000      0x9f9 Drivers/STM32L4xx_HAL_Driver/Src/stm32l4xx_hal.o
 .debug_line    0x000009f9      0x9a6 Drivers/STM32L4xx_HAL_Driver/Src/stm32l4xx_hal_cortex.o
 .debug_line    0x0000139f      0x9e4 Drivers/STM32L4xx_HAL_Driver/Src/stm32l4xx_hal_dac.o
 .debug_line    0x00001d83      0x8d2 Drivers/STM32L4xx_HAL_Driver/Src/stm32l4xx_hal_gpio.o
 .debug_line    0x00002655      0xbad Drivers/STM32L4xx_HAL_Driver/Src/stm32l4xx_hal_pwr_ex.o
 .debug_line    0x00003202      0xaea Drivers/STM32L4xx_HAL_Driver/Src/stm32l4xx_hal_rcc.o
 .debug_line    0x00003cec      0xd4e Drivers/STM32L4xx_HAL_Driver/Src/stm32l4xx_hal_rcc_ex.o
 .debug_line    0x00004a3a      0xfc8 Drivers/STM32L4xx_HAL_Driver/Src/stm32l4xx_hal_sai.o
 .debug_line    0x00005a02     0x1290 Drivers/STM32L4xx_HAL_Driver/Src/stm32l4xx_hal_spi.o
 .debug_line    0x00006c92      0x7e8 Src/accl.o
 .debug_line    0x0000747a      0x793 Src/gyro.o
 .debug_line    0x00007c0d      0x86e Src/main.o
 .debug_line    0x0000847b      0x7f8 Src/stm32l4xx_hal_msp.o
 .debug_line    0x00008c73      0x7e1 Src/stm32l4xx_it.o
 .debug_line    0x00009454      0x789 Src/system_stm32l4xx.o
 .debug_line    0x00009bdd       0x7e startup/startup_stm32l476xx.o

.debug_str      0x00000000    0xe661b
 .debug_str     0x00000000    0xe2faa Drivers/STM32L4xx_HAL_Driver/Src/stm32l4xx_hal.o
                              0xe33f4 (size before relaxing)
 .debug_str     0x000e2faa      0x3a1 Drivers/STM32L4xx_HAL_Driver/Src/stm32l4xx_hal_cortex.o
                              0xe30bf (size before relaxing)
 .debug_str     0x000e334b      0x600 Drivers/STM32L4xx_HAL_Driver/Src/stm32l4xx_hal_dac.o
                              0xe2cf8 (size before relaxing)
 .debug_str     0x000e394b      0x2bf Drivers/STM32L4xx_HAL_Driver/Src/stm32l4xx_hal_gpio.o
                              0xe2aeb (size before relaxing)
 .debug_str     0x000e3c0a      0x49b Drivers/STM32L4xx_HAL_Driver/Src/stm32l4xx_hal_pwr_ex.o
                              0xe2d6e (size before relaxing)
 .debug_str     0x000e40a5      0x4c6 Drivers/STM32L4xx_HAL_Driver/Src/stm32l4xx_hal_rcc.o
                              0xe2e6f (size before relaxing)
 .debug_str     0x000e456b      0x633 Drivers/STM32L4xx_HAL_Driver/Src/stm32l4xx_hal_rcc_ex.o
                              0xe304e (size before relaxing)
 .debug_str     0x000e4b9e      0x698 Drivers/STM32L4xx_HAL_Driver/Src/stm32l4xx_hal_sai.o
                              0xe2fab (size before relaxing)
 .debug_str     0x000e5236      0x727 Drivers/STM32L4xx_HAL_Driver/Src/stm32l4xx_hal_spi.o
                              0xe303a (size before relaxing)
 .debug_str     0x000e595d      0x696 Src/accl.o
                              0xe3106 (size before relaxing)
 .debug_str     0x000e5ff3      0x3dd Src/gyro.o
                              0xe309d (size before relaxing)
 .debug_str     0x000e63d0       0xed Src/main.o
                              0xe3fe8 (size before relaxing)
 .debug_str     0x000e64bd       0x27 Src/stm32l4xx_hal_msp.o
                              0xe3214 (size before relaxing)
 .debug_str     0x000e64e4       0xb8 Src/stm32l4xx_it.o
                              0xe2933 (size before relaxing)
 .debug_str     0x000e659c       0x50 Src/system_stm32l4xx.o
                              0xe2867 (size before relaxing)
 .debug_str     0x000e65ec       0x2f startup/startup_stm32l476xx.o
                                 0x69 (size before relaxing)

.comment        0x00000000       0x7f
 .comment       0x00000000       0x7f Drivers/STM32L4xx_HAL_Driver/Src/stm32l4xx_hal.o
                                 0x80 (size before relaxing)
 .comment       0x0000007f       0x80 Drivers/STM32L4xx_HAL_Driver/Src/stm32l4xx_hal_cortex.o
 .comment       0x0000007f       0x80 Drivers/STM32L4xx_HAL_Driver/Src/stm32l4xx_hal_dac.o
 .comment       0x0000007f       0x80 Drivers/STM32L4xx_HAL_Driver/Src/stm32l4xx_hal_gpio.o
 .comment       0x0000007f       0x80 Drivers/STM32L4xx_HAL_Driver/Src/stm32l4xx_hal_pwr_ex.o
 .comment       0x0000007f       0x80 Drivers/STM32L4xx_HAL_Driver/Src/stm32l4xx_hal_rcc.o
 .comment       0x0000007f       0x80 Drivers/STM32L4xx_HAL_Driver/Src/stm32l4xx_hal_rcc_ex.o
 .comment       0x0000007f       0x80 Drivers/STM32L4xx_HAL_Driver/Src/stm32l4xx_hal_sai.o
 .comment       0x0000007f       0x80 Drivers/STM32L4xx_HAL_Driver/Src/stm32l4xx_hal_spi.o
 .comment       0x0000007f       0x80 Src/accl.o
 .comment       0x0000007f       0x80 Src/gyro.o
 .comment       0x0000007f       0x80 Src/main.o
 .comment       0x0000007f       0x80 Src/stm32l4xx_hal_msp.o
 .comment       0x0000007f       0x80 Src/stm32l4xx_it.o
 .comment       0x0000007f       0x80 Src/system_stm32l4xx.o

.debug_frame    0x00000000     0x1a48
 .debug_frame   0x00000000      0x278 Drivers/STM32L4xx_HAL_Driver/Src/stm32l4xx_hal.o
 .debug_frame   0x00000278      0x15c Drivers/STM32L4xx_HAL_Driver/Src/stm32l4xx_hal_cortex.o
 .debug_frame   0x000003d4      0x1f8 Drivers/STM32L4xx_HAL_Driver/Src/stm32l4xx_hal_dac.o
 .debug_frame   0x000005cc       0xd8 Drivers/STM32L4xx_HAL_Driver/Src/stm32l4xx_hal_gpio.o
 .debug_frame   0x000006a4      0x278 Drivers/STM32L4xx_HAL_Driver/Src/stm32l4xx_hal_pwr_ex.o
 .debug_frame   0x0000091c      0x18c Drivers/STM32L4xx_HAL_Driver/Src/stm32l4xx_hal_rcc.o
 .debug_frame   0x00000aa8      0x204 Drivers/STM32L4xx_HAL_Driver/Src/stm32l4xx_hal_rcc_ex.o
 .debug_frame   0x00000cac      0x418 Drivers/STM32L4xx_HAL_Driver/Src/stm32l4xx_hal_sai.o
 .debug_frame   0x000010c4      0x5b8 Drivers/STM32L4xx_HAL_Driver/Src/stm32l4xx_hal_spi.o
 .debug_frame   0x0000167c       0xa4 Src/accl.o
 .debug_frame   0x00001720       0x5c Src/gyro.o
 .debug_frame   0x0000177c       0xdc Src/main.o
 .debug_frame   0x00001858       0xcc Src/stm32l4xx_hal_msp.o
 .debug_frame   0x00001924       0xa8 Src/stm32l4xx_it.o
 .debug_frame   0x000019cc       0x30 Src/system_stm32l4xx.o
 .debug_frame   0x000019fc       0x2c d:/ac6/systemworkbench/plugins/fr.ac6.mcu.externaltools.arm-none.win32_1.17.0.201812190825/tools/compiler/bin/../lib/gcc/arm-none-eabi/7.3.1/../../../../arm-none-eabi/lib/thumb/v7e-m/fpv4-sp/hard\libc_nano.a(lib_a-init.o)
 .debug_frame   0x00001a28       0x20 d:/ac6/systemworkbench/plugins/fr.ac6.mcu.externaltools.arm-none.win32_1.17.0.201812190825/tools/compiler/bin/../lib/gcc/arm-none-eabi/7.3.1/../../../../arm-none-eabi/lib/thumb/v7e-m/fpv4-sp/hard\libc_nano.a(lib_a-memset.o)
