main.c:118:13:MX_GPIO_Init	32	static
main.c:138:5:main	40	static
main.c:197:6:SystemClock_Config	232	static
main.c:240:13:DFSDM_Init	8	static
main.c:294:13:Playback_Init	16	static
main.c:355:6:Error_Handler	8	static
main.c:371:6:HAL_DFSDM_ChannelMspInit	184	static
main.c:416:6:HAL_DFSDM_FilterMspInit	24	static
main.c:444:6:HAL_SAI_MspInit	48	static
main.c:485:6:HAL_DFSDM_FilterRegConvHalfCpltCallback	16	static
main.c:497:6:HAL_DFSDM_FilterRegConvCpltCallback	16	static
main.c:502:6:HAL_SAI_TxCpltCallback	16	static
