stm32l4xx_it.c:68:6:NMI_Handler	4	static
stm32l4xx_it.c:77:6:HardFault_Handler	4	static
stm32l4xx_it.c:90:6:MemManage_Handler	4	static
stm32l4xx_it.c:103:6:BusFault_Handler	4	static
stm32l4xx_it.c:116:6:UsageFault_Handler	4	static
stm32l4xx_it.c:129:6:SVC_Handler	4	static
stm32l4xx_it.c:138:6:DebugMon_Handler	4	static
stm32l4xx_it.c:147:6:PendSV_Handler	4	static
stm32l4xx_it.c:156:6:SysTick_Handler	8	static
stm32l4xx_it.c:173:6:DMA1_Channel4_IRQHandler	8	static
stm32l4xx_it.c:183:6:DMA2_Channel1_IRQHandler	8	static
