stm32l476g_discovery_audio.c:301:9:BSP_AUDIO_OUT_Init	24	static
stm32l476g_discovery_audio.c:353:9:BSP_AUDIO_OUT_DeInit	8	static
stm32l476g_discovery_audio.c:373:9:BSP_AUDIO_OUT_Play	16	static
stm32l476g_discovery_audio.c:396:9:BSP_AUDIO_OUT_ChangeBuffer	16	static
stm32l476g_discovery_audio.c:416:9:BSP_AUDIO_OUT_Pause	8	static
stm32l476g_discovery_audio.c:441:9:BSP_AUDIO_OUT_Resume	8	static
stm32l476g_discovery_audio.c:467:9:BSP_AUDIO_OUT_Stop	16	static
stm32l476g_discovery_audio.c:496:9:BSP_AUDIO_OUT_SetVolume	16	static
stm32l476g_discovery_audio.c:513:9:BSP_AUDIO_OUT_SetMute	16	static
stm32l476g_discovery_audio.c:531:9:BSP_AUDIO_OUT_SetOutputMode	16	static
stm32l476g_discovery_audio.c:550:9:BSP_AUDIO_OUT_SetFrequency	16	static
stm32l476g_discovery_audio.c:579:6:BSP_AUDIO_OUT_ChangeAudioConfig	16	static
stm32l476g_discovery_audio.c:639:6:BSP_AUDIO_OUT_RegisterCallbacks	24	static
stm32l476g_discovery_audio.c:667:6:HAL_SAI_TxHalfCpltCallback	16	static
stm32l476g_discovery_audio.c:681:6:HAL_SAI_ErrorCallback	16	static
stm32l476g_discovery_audio.c:707:9:BSP_AUDIO_IN_Init	24	static
stm32l476g_discovery_audio.c:737:9:BSP_AUDIO_IN_DeInit	8	static
stm32l476g_discovery_audio.c:758:9:BSP_AUDIO_IN_Record	16	static
stm32l476g_discovery_audio.c:792:9:BSP_AUDIO_IN_SetFrequency	16	static
stm32l476g_discovery_audio.c:867:6:HAL_DFSDM_FilterErrorCallback	16	static
stm32l476g_discovery_audio.c:880:9:BSP_AUDIO_IN_Stop	8	static
stm32l476g_discovery_audio.c:902:9:BSP_AUDIO_IN_Pause	8	static
stm32l476g_discovery_audio.c:917:9:BSP_AUDIO_IN_Resume	8	static
stm32l476g_discovery_audio.c:937:6:BSP_AUDIO_IN_RegisterCallbacks	24	static
stm32l476g_discovery_audio.c:960:16:AUDIO_SAIx_Init	16	static
stm32l476g_discovery_audio.c:1026:16:AUDIO_SAIx_DeInit	8	static
stm32l476g_discovery_audio.c:1106:6:HAL_SAI_MspDeInit	16	static
stm32l476g_discovery_audio.c:1133:13:AUDIO_CODEC_Reset	8	static
stm32l476g_discovery_audio.c:1154:16:AUDIO_DFSDMx_Init	16	static
stm32l476g_discovery_audio.c:1217:16:AUDIO_DFSDMx_DeInit	8	static
stm32l476g_discovery_audio.c:1276:6:HAL_DFSDM_ChannelMspDeInit	40	static
stm32l476g_discovery_audio.c:1340:6:HAL_DFSDM_FilterMspDeInit	16	static
stm32l476g_discovery_audio.c:1360:16:AUDIO_SAIPLLConfig	152	static
